Archive member included to satisfy reference by file (symbol)

d:/dev/gcc-arm-none-eabi/9_2019_q4-major/bin/../lib/gcc/arm-none-eabi/9.2.1/../../../../arm-none-eabi/lib/thumb/v7e-m+fp/hard\libc_nano.a(lib_a-atoi.o)
                              build/netif.o (atoi)
d:/dev/gcc-arm-none-eabi/9_2019_q4-major/bin/../lib/gcc/arm-none-eabi/9.2.1/../../../../arm-none-eabi/lib/thumb/v7e-m+fp/hard\libc_nano.a(lib_a-ctype_.o)
                              build/ip4_addr.o (_ctype_)
d:/dev/gcc-arm-none-eabi/9_2019_q4-major/bin/../lib/gcc/arm-none-eabi/9.2.1/../../../../arm-none-eabi/lib/thumb/v7e-m+fp/hard\libc_nano.a(lib_a-exit.o)
                              d:/dev/gcc-arm-none-eabi/9_2019_q4-major/bin/../lib/gcc/arm-none-eabi/9.2.1/../../../../arm-none-eabi/lib/thumb/v7e-m+fp/hard/crt0.o (exit)
d:/dev/gcc-arm-none-eabi/9_2019_q4-major/bin/../lib/gcc/arm-none-eabi/9.2.1/../../../../arm-none-eabi/lib/thumb/v7e-m+fp/hard\libc_nano.a(lib_a-impure.o)
                              d:/dev/gcc-arm-none-eabi/9_2019_q4-major/bin/../lib/gcc/arm-none-eabi/9.2.1/../../../../arm-none-eabi/lib/thumb/v7e-m+fp/hard\libc_nano.a(lib_a-exit.o) (_global_impure_ptr)
d:/dev/gcc-arm-none-eabi/9_2019_q4-major/bin/../lib/gcc/arm-none-eabi/9.2.1/../../../../arm-none-eabi/lib/thumb/v7e-m+fp/hard\libc_nano.a(lib_a-init.o)
                              d:/dev/gcc-arm-none-eabi/9_2019_q4-major/bin/../lib/gcc/arm-none-eabi/9.2.1/../../../../arm-none-eabi/lib/thumb/v7e-m+fp/hard/crt0.o (__libc_init_array)
d:/dev/gcc-arm-none-eabi/9_2019_q4-major/bin/../lib/gcc/arm-none-eabi/9.2.1/../../../../arm-none-eabi/lib/thumb/v7e-m+fp/hard\libc_nano.a(lib_a-memcmp.o)
                              build/bridgeif_fdb.o (memcmp)
d:/dev/gcc-arm-none-eabi/9_2019_q4-major/bin/../lib/gcc/arm-none-eabi/9.2.1/../../../../arm-none-eabi/lib/thumb/v7e-m+fp/hard\libc_nano.a(lib_a-memcpy-stub.o)
                              build/ethernetif.o (memcpy)
d:/dev/gcc-arm-none-eabi/9_2019_q4-major/bin/../lib/gcc/arm-none-eabi/9.2.1/../../../../arm-none-eabi/lib/thumb/v7e-m+fp/hard\libc_nano.a(lib_a-memmove.o)
                              build/def.o (memmove)
d:/dev/gcc-arm-none-eabi/9_2019_q4-major/bin/../lib/gcc/arm-none-eabi/9.2.1/../../../../arm-none-eabi/lib/thumb/v7e-m+fp/hard\libc_nano.a(lib_a-memset.o)
                              d:/dev/gcc-arm-none-eabi/9_2019_q4-major/bin/../lib/gcc/arm-none-eabi/9.2.1/../../../../arm-none-eabi/lib/thumb/v7e-m+fp/hard/crt0.o (memset)
d:/dev/gcc-arm-none-eabi/9_2019_q4-major/bin/../lib/gcc/arm-none-eabi/9.2.1/../../../../arm-none-eabi/lib/thumb/v7e-m+fp/hard\libc_nano.a(lib_a-printf.o)
                              build/ethernetif.o (printf)
d:/dev/gcc-arm-none-eabi/9_2019_q4-major/bin/../lib/gcc/arm-none-eabi/9.2.1/../../../../arm-none-eabi/lib/thumb/v7e-m+fp/hard\libc_nano.a(lib_a-rand.o)
                              build/tcp.o (rand)
d:/dev/gcc-arm-none-eabi/9_2019_q4-major/bin/../lib/gcc/arm-none-eabi/9.2.1/../../../../arm-none-eabi/lib/thumb/v7e-m+fp/hard\libc_nano.a(lib_a-sprintf.o)
                              build/httpserver-netconn.o (sprintf)
d:/dev/gcc-arm-none-eabi/9_2019_q4-major/bin/../lib/gcc/arm-none-eabi/9.2.1/../../../../arm-none-eabi/lib/thumb/v7e-m+fp/hard\libc_nano.a(lib_a-strcat.o)
                              build/httpserver-netconn.o (strcat)
d:/dev/gcc-arm-none-eabi/9_2019_q4-major/bin/../lib/gcc/arm-none-eabi/9.2.1/../../../../arm-none-eabi/lib/thumb/v7e-m+fp/hard\libc_nano.a(lib_a-strchr.o)
                              build/httpd.o (strchr)
d:/dev/gcc-arm-none-eabi/9_2019_q4-major/bin/../lib/gcc/arm-none-eabi/9.2.1/../../../../arm-none-eabi/lib/thumb/v7e-m+fp/hard\libc_nano.a(lib_a-strcmp.o)
                              build/fs.o (strcmp)
d:/dev/gcc-arm-none-eabi/9_2019_q4-major/bin/../lib/gcc/arm-none-eabi/9.2.1/../../../../arm-none-eabi/lib/thumb/v7e-m+fp/hard\libc_nano.a(lib_a-strcpy.o)
                              build/tasks.o (strcpy)
d:/dev/gcc-arm-none-eabi/9_2019_q4-major/bin/../lib/gcc/arm-none-eabi/9.2.1/../../../../arm-none-eabi/lib/thumb/v7e-m+fp/hard\libc_nano.a(lib_a-strlen.o)
                              build/httpserver-netconn.o (strlen)
d:/dev/gcc-arm-none-eabi/9_2019_q4-major/bin/../lib/gcc/arm-none-eabi/9.2.1/../../../../arm-none-eabi/lib/thumb/v7e-m+fp/hard\libc_nano.a(lib_a-strncmp.o)
                              build/httpserver-netconn.o (strncmp)
d:/dev/gcc-arm-none-eabi/9_2019_q4-major/bin/../lib/gcc/arm-none-eabi/9.2.1/../../../../arm-none-eabi/lib/thumb/v7e-m+fp/hard\libc_nano.a(lib_a-strtol.o)
                              d:/dev/gcc-arm-none-eabi/9_2019_q4-major/bin/../lib/gcc/arm-none-eabi/9.2.1/../../../../arm-none-eabi/lib/thumb/v7e-m+fp/hard\libc_nano.a(lib_a-atoi.o) (_strtol_r)
d:/dev/gcc-arm-none-eabi/9_2019_q4-major/bin/../lib/gcc/arm-none-eabi/9.2.1/../../../../arm-none-eabi/lib/thumb/v7e-m+fp/hard\libc_nano.a(lib_a-findfp.o)
[...]
Memory Configuration

Name             Origin             Length             Attributes
RAM              0x20000000         0x00050000         xrw
FLASH            0x08000000         0x00100000         xr
*default*        0x00000000         0xffffffff

Linker script and memory map

LOAD d:/dev/gcc-arm-none-eabi/9_2019_q4-major/bin/../lib/gcc/arm-none-eabi/9.2.1/thumb/v7e-m+fp/hard/crti.o
LOAD d:/dev/gcc-arm-none-eabi/9_2019_q4-major/bin/../lib/gcc/arm-none-eabi/9.2.1/thumb/v7e-m+fp/hard/crtbegin.o
LOAD d:/dev/gcc-arm-none-eabi/9_2019_q4-major/bin/../lib/gcc/arm-none-eabi/9.2.1/../../../../arm-none-eabi/lib/thumb/v7e-m+fp/hard/crt0.o
LOAD build/main.o
LOAD build/app_ethernet.o
LOAD build/httpserver-netconn.o
LOAD build/stm32f7xx_hal_timebase_tim.o
LOAD build/stm32f7xx_it.o
LOAD build/ethernetif.o
LOAD build/stm32f7xx_hal_eth.o
LOAD build/stm32f7xx_hal_rcc.o
LOAD build/stm32f7xx_hal_rcc_ex.o
LOAD build/stm32f7xx_hal_flash.o
LOAD build/stm32f7xx_hal_flash_ex.o
LOAD build/stm32f7xx_hal_gpio.o
LOAD build/stm32f7xx_hal_dma.o
LOAD build/stm32f7xx_hal_dma_ex.o
LOAD build/stm32f7xx_hal_pwr.o
LOAD build/stm32f7xx_hal_pwr_ex.o
LOAD build/stm32f7xx_hal_cortex.o
LOAD build/stm32f7xx_hal.o
LOAD build/stm32f7xx_hal_i2c.o
LOAD build/stm32f7xx_hal_i2c_ex.o
LOAD build/stm32f7xx_hal_exti.o
LOAD build/stm32f7xx_hal_tim.o
LOAD build/stm32f7xx_hal_tim_ex.o
LOAD build/stm32f7xx_hal_uart.o
LOAD build/stm32f7xx_hal_uart_ex.o
LOAD build/stm32f7xx_hal_pcd.o
LOAD build/stm32f7xx_hal_pcd_ex.o
LOAD build/stm32f7xx_ll_usb.o
LOAD build/stm32f7xx_nucleo_144.o
LOAD build/system_stm32f7xx.o
LOAD build/auth.o
LOAD build/ccp.o
LOAD build/chap_ms.o
LOAD build/chap-md5.o
LOAD build/chap-new.o
LOAD build/demand.o
LOAD build/eap.o
LOAD build/eui64.o
LOAD build/fsm.o
LOAD build/ipcp.o
LOAD build/ipv6cp.o
LOAD build/lcp.o
LOAD build/magic.o
LOAD build/mppe.o
LOAD build/multilink.o
LOAD build/ppp.o
LOAD build/pppapi.o
LOAD build/pppcrypt.o
LOAD build/pppoe.o
LOAD build/pppol2tp.o
LOAD build/pppos.o
LOAD build/upap.o
LOAD build/utils.o
LOAD build/vj.o
LOAD build/bridgeif.o
LOAD build/bridgeif_fdb.o
LOAD build/ethernet.o
LOAD build/lowpan6.o
LOAD build/lowpan6_ble.o
LOAD build/lowpan6_common.o
LOAD build/slipif.o
LOAD build/zepif.o
LOAD build/ecp.o
LOAD build/api_lib.o
LOAD build/api_msg.o
LOAD build/err.o
LOAD build/if_api.o
LOAD build/netbuf.o
LOAD build/netdb.o
LOAD build/netifapi.o
LOAD build/sockets.o
LOAD build/tcpip.o
LOAD build/altcp.o
LOAD build/altcp_alloc.o
LOAD build/altcp_tcp.o
LOAD build/def.o
LOAD build/dns.o
LOAD build/inet_chksum.o
LOAD build/init.o
LOAD build/ip.o
LOAD build/mem.o
LOAD build/memp.o
LOAD build/netif.o
LOAD build/pbuf.o
LOAD build/raw.o
LOAD build/stats.o
LOAD build/sys.o
LOAD build/tcp.o
LOAD build/tcp_in.o
LOAD build/tcp_out.o
LOAD build/timeouts.o
LOAD build/udp.o
LOAD build/autoip.o
LOAD build/dhcp.o
LOAD build/etharp.o
LOAD build/icmp.o
LOAD build/igmp.o
LOAD build/ip4.o
LOAD build/ip4_addr.o
LOAD build/ip4_frag.o
LOAD build/dhcp6.o
LOAD build/ethip6.o
LOAD build/icmp6.o
LOAD build/inet6.o
LOAD build/ip6.o
LOAD build/ip6_addr.o
LOAD build/ip6_frag.o
LOAD build/mld6.o
LOAD build/nd6.o
LOAD build/mqtt.o
LOAD build/sys_arch.o
LOAD build/fs.o
LOAD build/httpd.o
LOAD build/heap_4.o
LOAD build/port.o
LOAD build/cmsis_os.o
LOAD build/queue.o
LOAD build/tasks.o
LOAD build/croutine.o
LOAD build/timers.o
LOAD build/list.o
LOAD build/startup_stm32f746xx.o
LOAD d:/dev/gcc-arm-none-eabi/9_2019_q4-major/bin/../lib/gcc/arm-none-eabi/9.2.1/../../../../arm-none-eabi/lib/thumb/v7e-m+fp/hard\libc_nano.a
LOAD d:/dev/gcc-arm-none-eabi/9_2019_q4-major/bin/../lib/gcc/arm-none-eabi/9.2.1/../../../../arm-none-eabi/lib/thumb/v7e-m+fp/hard\libm.a
LOAD d:/dev/gcc-arm-none-eabi/9_2019_q4-major/bin/../lib/gcc/arm-none-eabi/9.2.1/../../../../arm-none-eabi/lib/thumb/v7e-m+fp/hard\libnosys.a
START GROUP
LOAD d:/dev/gcc-arm-none-eabi/9_2019_q4-major/bin/../lib/gcc/arm-none-eabi/9.2.1/thumb/v7e-m+fp/hard\libgcc.a
LOAD d:/dev/gcc-arm-none-eabi/9_2019_q4-major/bin/../lib/gcc/arm-none-eabi/9.2.1/../../../../arm-none-eabi/lib/thumb/v7e-m+fp/hard\libc_nano.a
END GROUP
START GROUP
LOAD d:/dev/gcc-arm-none-eabi/9_2019_q4-major/bin/../lib/gcc/arm-none-eabi/9.2.1/thumb/v7e-m+fp/hard\libgcc.a
LOAD d:/dev/gcc-arm-none-eabi/9_2019_q4-major/bin/../lib/gcc/arm-none-eabi/9.2.1/../../../../arm-none-eabi/lib/thumb/v7e-m+fp/hard\libc_nano.a
END GROUP
LOAD d:/dev/gcc-arm-none-eabi/9_2019_q4-major/bin/../lib/gcc/arm-none-eabi/9.2.1/thumb/v7e-m+fp/hard/crtend.o
LOAD d:/dev/gcc-arm-none-eabi/9_2019_q4-major/bin/../lib/gcc/arm-none-eabi/9.2.1/thumb/v7e-m+fp/hard/crtn.o
                0x20050000                _estack = 0x20050000
                0x00000200                _Min_Heap_Size = 0x200
                0x00000400                _Min_Stack_Size = 0x400

.isr_vector     0x08000000      0x1c8
                0x08000000                . = ALIGN (0x4)
 *(.isr_vector)
 .isr_vector    0x08000000      0x1c8 build/startup_stm32f746xx.o
                0x08000000                g_pfnVectors
                0x080001c8                . = ALIGN (0x4)

.text           0x080001d0    0x10048
                0x080001d0                . = ALIGN (0x4)
 *(.text)
 .text          0x080001d0       0x40 d:/dev/gcc-arm-none-eabi/9_2019_q4-major/bin/../lib/gcc/arm-none-eabi/9.2.1/thumb/v7e-m+fp/hard/crtbegin.o
 .text          0x08000210       0x14 d:/dev/gcc-arm-none-eabi/9_2019_q4-major/bin/../lib/gcc/arm-none-eabi/9.2.1/../../../../arm-none-eabi/lib/thumb/v7e-m+fp/hard\libc_nano.a(lib_a-strcmp.o)
                0x08000210                strcmp
 .text          0x08000224       0x10 d:/dev/gcc-arm-none-eabi/9_2019_q4-major/bin/../lib/gcc/arm-none-eabi/9.2.1/../../../../arm-none-eabi/lib/thumb/v7e-m+fp/hard\libc_nano.a(lib_a-strlen.o)
                0x08000224                strlen
 *fill*         0x08000234        0xc 
 .text          0x08000240       0xa0 d:/dev/gcc-arm-none-eabi/9_2019_q4-major/bin/../lib/gcc/arm-none-eabi/9.2.1/../../../../arm-none-eabi/lib/thumb/v7e-m+fp/hard\libc_nano.a(lib_a-memchr.o)
                0x08000240                memchr
 .text          0x080002e0       0x30 d:/dev/gcc-arm-none-eabi/9_2019_q4-major/bin/../lib/gcc/arm-none-eabi/9.2.1/thumb/v7e-m+fp/hard\libgcc.a(_aeabi_uldivmod.o)
                0x080002e0                __aeabi_uldivmod
 .text          0x08000310      0x2c4 d:/dev/gcc-arm-none-eabi/9_2019_q4-major/bin/../lib/gcc/arm-none-eabi/9.2.1/thumb/v7e-m+fp/hard\libgcc.a(_udivmoddi4.o)
                0x08000310                __udivmoddi4
 .text          0x080005d4        0x4 d:/dev/gcc-arm-none-eabi/9_2019_q4-major/bin/../lib/gcc/arm-none-eabi/9.2.1/thumb/v7e-m+fp/hard\libgcc.a(_dvmd_tls.o)
                0x080005d4                __aeabi_idiv0
                0x080005d4                __aeabi_ldiv0
 *(.text*)
 .text.Error_Handler
                0x080005d8        0x2 build/main.o
 *fill*         0x080005da        0x2 
 .text.CPU_CACHE_Enable
                0x080005dc       0x80 build/main.o
 .text.Netif_Config
                0x0800065c       0x54 build/main.o
 .text.StartThread
                0x080006b0       0x40 build/main.o
 .text.MPU_Config
                0x080006f0       0x84 build/main.o
 .text.SystemClock_Config
                0x08000774       0x6e build/main.o
 *fill*         0x080007e2        0x2 
 .text.main     0x080007e4       0x40 build/main.o
                0x080007e4                main
 .text.User_notification
                0x08000824       0x28 build/app_ethernet.o
                0x08000824                User_notification
 .text.DHCP_thread
                0x0800084c       0xb0 build/app_ethernet.o
                0x0800084c                DHCP_thread
 .text.http_server_netconn_init
                0x080008fc       0x24 build/httpserver-netconn.o
                0x080008fc                http_server_netconn_init
 .text.DynWebPage
                0x08000920      0x13c build/httpserver-netconn.o
                0x08000920                DynWebPage
 .text.http_server_serve
                0x08000a5c      0x16c build/httpserver-netconn.o
 .text.http_server_netconn_thread
                0x08000bc8       0x44 build/httpserver-netconn.o
 .text.HAL_InitTick
                0x08000c0c       0x88 build/stm32f7xx_hal_timebase_tim.o
                0x08000c0c                HAL_InitTick
 .text.HAL_TIM_PeriodElapsedCallback
                0x08000c94        0x8 build/stm32f7xx_hal_timebase_tim.o
                0x08000c94                HAL_TIM_PeriodElapsedCallback
 .text.TIM6_DAC_IRQHandler
                0x08000c9c       0x10 build/stm32f7xx_hal_timebase_tim.o
                0x08000c9c                TIM6_DAC_IRQHandler
 .text.NMI_Handler
                0x08000cac        0x2 build/stm32f7xx_it.o
                0x08000cac                NMI_Handler
 .text.HardFault_Handler
                0x08000cae        0x2 build/stm32f7xx_it.o
                0x08000cae                HardFault_Handler
 .text.MemManage_Handler
                0x08000cb0        0x2 build/stm32f7xx_it.o
                0x08000cb0                MemManage_Handler
 .text.BusFault_Handler
                0x08000cb2        0x2 build/stm32f7xx_it.o
                0x08000cb2                BusFault_Handler
 .text.UsageFault_Handler
                0x08000cb4        0x2 build/stm32f7xx_it.o
                0x08000cb4                UsageFault_Handler
 .text.DebugMon_Handler
                0x08000cb6        0x2 build/stm32f7xx_it.o
                0x08000cb6                DebugMon_Handler
 .text.SysTick_Handler
                0x08000cb8        0x8 build/stm32f7xx_it.o
                0x08000cb8                SysTick_Handler
 .text.ETH_IRQHandler
                0x08000cc0       0x10 build/stm32f7xx_it.o
                0x08000cc0                ETH_IRQHandler
 .text.low_level_output
                0x08000cd0       0xbc build/ethernetif.o
 .text.low_level_init
                0x08000d8c       0xec build/ethernetif.o
 .text.low_level_input
                0x08000e78       0xd8 build/ethernetif.o
 .text.ethernetif_input
                0x08000f50       0x4c build/ethernetif.o
 .text.HAL_ETH_MspInit
                0x08000f9c       0xf0 build/ethernetif.o
                0x08000f9c                HAL_ETH_MspInit
 .text.HAL_ETH_RxCpltCallback
                0x0800108c       0x10 build/ethernetif.o
                0x0800108c                HAL_ETH_RxCpltCallback
 .text.ethernetif_init
                0x0800109c       0x48 build/ethernetif.o
                0x0800109c                ethernetif_init
 .text.sys_now  0x080010e4        0x8 build/ethernetif.o
                0x080010e4                sys_now
 .text.ETH_MACAddressConfig
                0x080010ec       0x30 build/stm32f7xx_hal_eth.o
 .text.ETH_DMATransmissionEnable
                0x0800111c       0x10 build/stm32f7xx_hal_eth.o
 .text.ETH_DMAReceptionEnable
                0x0800112c       0x10 build/stm32f7xx_hal_eth.o
 .text.ETH_MACDMAConfig
                0x0800113c      0x118 build/stm32f7xx_hal_eth.o
 .text.ETH_MACTransmissionEnable
                0x08001254       0x2a build/stm32f7xx_hal_eth.o
 .text.ETH_MACReceptionEnable
                0x0800127e       0x2a build/stm32f7xx_hal_eth.o
 .text.ETH_FlushTransmitFIFO
                0x080012a8       0x2e build/stm32f7xx_hal_eth.o
 .text.HAL_ETH_DMATxDescListInit
                0x080012d6       0x74 build/stm32f7xx_hal_eth.o
                0x080012d6                HAL_ETH_DMATxDescListInit
 .text.HAL_ETH_DMARxDescListInit
                0x0800134a       0x6e build/stm32f7xx_hal_eth.o
                0x0800134a                HAL_ETH_DMARxDescListInit
 .text.HAL_ETH_TransmitFrame
                0x080013b8      0x120 build/stm32f7xx_hal_eth.o
                0x080013b8                HAL_ETH_TransmitFrame
 .text.HAL_ETH_GetReceivedFrame_IT
                0x080014d8       0x98 build/stm32f7xx_hal_eth.o
                0x080014d8                HAL_ETH_GetReceivedFrame_IT
 .text.HAL_ETH_TxCpltCallback
                0x08001570        0x2 build/stm32f7xx_hal_eth.o
                0x08001570                HAL_ETH_TxCpltCallback
 .text.HAL_ETH_ErrorCallback
                0x08001572        0x2 build/stm32f7xx_hal_eth.o
                0x08001572                HAL_ETH_ErrorCallback
 .text.HAL_ETH_IRQHandler
                0x08001574       0x8c build/stm32f7xx_hal_eth.o
                0x08001574                HAL_ETH_IRQHandler
 .text.HAL_ETH_ReadPHYRegister
                0x08001600       0x78 build/stm32f7xx_hal_eth.o
                0x08001600                HAL_ETH_ReadPHYRegister
 .text.HAL_ETH_WritePHYRegister
                0x08001678       0x74 build/stm32f7xx_hal_eth.o
                0x08001678                HAL_ETH_WritePHYRegister
 .text.HAL_ETH_Init
                0x080016ec      0x254 build/stm32f7xx_hal_eth.o
                0x080016ec                HAL_ETH_Init
 .text.HAL_ETH_Start
                0x08001940       0x44 build/stm32f7xx_hal_eth.o
                0x08001940                HAL_ETH_Start
 .text.HAL_RCC_OscConfig
                0x08001984      0x434 build/stm32f7xx_hal_rcc.o
                0x08001984                HAL_RCC_OscConfig
 .text.HAL_RCC_GetSysClockFreq
                0x08001db8       0xcc build/stm32f7xx_hal_rcc.o
                0x08001db8                HAL_RCC_GetSysClockFreq
 .text.HAL_RCC_ClockConfig
                0x08001e84      0x16c build/stm32f7xx_hal_rcc.o
                0x08001e84                HAL_RCC_ClockConfig
 .text.HAL_RCC_GetHCLKFreq
                0x08001ff0        0xc build/stm32f7xx_hal_rcc.o
                0x08001ff0                HAL_RCC_GetHCLKFreq
 .text.HAL_RCC_GetPCLK1Freq
                0x08001ffc       0x20 build/stm32f7xx_hal_rcc.o
                0x08001ffc                HAL_RCC_GetPCLK1Freq
 .text.HAL_RCC_GetClockConfig
                0x0800201c       0x3c build/stm32f7xx_hal_rcc.o
                0x0800201c                HAL_RCC_GetClockConfig
 .text.HAL_GPIO_Init
                0x08002058      0x1e0 build/stm32f7xx_hal_gpio.o
                0x08002058                HAL_GPIO_Init
 .text.HAL_GPIO_WritePin
                0x08002238        0xc build/stm32f7xx_hal_gpio.o
                0x08002238                HAL_GPIO_WritePin
 .text.HAL_PWREx_EnableOverDrive
                0x08002244       0x7c build/stm32f7xx_hal_pwr_ex.o
                0x08002244                HAL_PWREx_EnableOverDrive
 .text.HAL_NVIC_SetPriorityGrouping
                0x080022c0       0x24 build/stm32f7xx_hal_cortex.o
                0x080022c0                HAL_NVIC_SetPriorityGrouping
 .text.HAL_NVIC_SetPriority
                0x080022e4       0x64 build/stm32f7xx_hal_cortex.o
                0x080022e4                HAL_NVIC_SetPriority
 .text.HAL_NVIC_EnableIRQ
                0x08002348       0x1c build/stm32f7xx_hal_cortex.o
                0x08002348                HAL_NVIC_EnableIRQ
 .text.HAL_MPU_Disable
                0x08002364       0x20 build/stm32f7xx_hal_cortex.o
                0x08002364                HAL_MPU_Disable
 .text.HAL_MPU_Enable
                0x08002384       0x24 build/stm32f7xx_hal_cortex.o
                0x08002384                HAL_MPU_Enable
 .text.HAL_MPU_ConfigRegion
                0x080023a8       0x54 build/stm32f7xx_hal_cortex.o
                0x080023a8                HAL_MPU_ConfigRegion
 .text.HAL_MspInit
                0x080023fc        0x2 build/stm32f7xx_hal.o
                0x080023fc                HAL_MspInit
 *fill*         0x080023fe        0x2 
 .text.HAL_Init
                0x08002400       0x24 build/stm32f7xx_hal.o
                0x08002400                HAL_Init
 .text.HAL_IncTick
                0x08002424       0x18 build/stm32f7xx_hal.o
                0x08002424                HAL_IncTick
 .text.HAL_GetTick
                0x0800243c        0xc build/stm32f7xx_hal.o
                0x0800243c                HAL_GetTick
 .text.HAL_Delay
                0x08002448       0x28 build/stm32f7xx_hal.o
                0x08002448                HAL_Delay
 .text.HAL_TIM_Base_MspInit
                0x08002470        0x2 build/stm32f7xx_hal_tim.o
                0x08002470                HAL_TIM_Base_MspInit
 *fill*         0x08002472        0x2 
 .text.HAL_TIM_Base_Start_IT
                0x08002474       0x2c build/stm32f7xx_hal_tim.o
                0x08002474                HAL_TIM_Base_Start_IT
 .text.HAL_TIM_OC_DelayElapsedCallback
                0x080024a0        0x2 build/stm32f7xx_hal_tim.o
                0x080024a0                HAL_TIM_OC_DelayElapsedCallback
 .text.HAL_TIM_IC_CaptureCallback
                0x080024a2        0x2 build/stm32f7xx_hal_tim.o
                0x080024a2                HAL_TIM_IC_CaptureCallback
 .text.HAL_TIM_PWM_PulseFinishedCallback
                0x080024a4        0x2 build/stm32f7xx_hal_tim.o
                0x080024a4                HAL_TIM_PWM_PulseFinishedCallback
 .text.HAL_TIM_TriggerCallback
                0x080024a6        0x2 build/stm32f7xx_hal_tim.o
                0x080024a6                HAL_TIM_TriggerCallback
 .text.HAL_TIM_IRQHandler
                0x080024a8      0x19a build/stm32f7xx_hal_tim.o
                0x080024a8                HAL_TIM_IRQHandler
 *fill*         0x08002642        0x2 
 .text.TIM_Base_SetConfig
                0x08002644      0x10c build/stm32f7xx_hal_tim.o
                0x08002644                TIM_Base_SetConfig
 .text.HAL_TIM_Base_Init
                0x08002750       0x34 build/stm32f7xx_hal_tim.o
                0x08002750                HAL_TIM_Base_Init
 .text.HAL_TIMEx_CommutCallback
                0x08002784        0x2 build/stm32f7xx_hal_tim_ex.o
                0x08002784                HAL_TIMEx_CommutCallback
 .text.HAL_TIMEx_BreakCallback
                0x08002786        0x2 build/stm32f7xx_hal_tim_ex.o
                0x08002786                HAL_TIMEx_BreakCallback
 .text.HAL_TIMEx_Break2Callback
                0x08002788        0x2 build/stm32f7xx_hal_tim_ex.o
                0x08002788                HAL_TIMEx_Break2Callback
 *fill*         0x0800278a        0x2 
 .text.BSP_LED_Init
                0x0800278c       0x70 build/stm32f7xx_nucleo_144.o
                0x0800278c                BSP_LED_Init
 .text.BSP_LED_On
                0x080027fc       0x20 build/stm32f7xx_nucleo_144.o
                0x080027fc                BSP_LED_On
 .text.BSP_LED_Off
                0x0800281c       0x20 build/stm32f7xx_nucleo_144.o
                0x0800281c                BSP_LED_Off
 .text.SystemInit
                0x0800283c       0x50 build/system_stm32f7xx.o
                0x0800283c                SystemInit
 .text.ethernet_input
                0x0800288c       0xa8 build/ethernet.o
                0x0800288c                ethernet_input
 .text.ethernet_output
                0x08002934       0x70 build/ethernet.o
                0x08002934                ethernet_output
 .text.netconn_apimsg
                0x080029a4       0x16 build/api_lib.o
 *fill*         0x080029ba        0x2 
 .text.netconn_tcp_recvd_msg
                0x080029bc       0x44 build/api_lib.o
 .text.netconn_close_shutdown
                0x08002a00       0x44 build/api_lib.o
 .text.netconn_new_with_proto_and_callback
                0x08002a44       0xb8 build/api_lib.o
                0x08002a44                netconn_new_with_proto_and_callback
 .text.netconn_prepare_delete
                0x08002afc       0x24 build/api_lib.o
                0x08002afc                netconn_prepare_delete
 .text.netconn_delete
                0x08002b20       0x1e build/api_lib.o
                0x08002b20                netconn_delete
 *fill*         0x08002b3e        0x2 
 .text.netconn_bind
                0x08002b40       0x4c build/api_lib.o
                0x08002b40                netconn_bind
 .text.netconn_listen_with_backlog
                0x08002b8c       0x3c build/api_lib.o
                0x08002b8c                netconn_listen_with_backlog
 .text.netconn_write_vectors_partly
                0x08002bc8       0xfc build/api_lib.o
                0x08002bc8                netconn_write_vectors_partly
 .text.netconn_write_partly
                0x08002cc4       0x1a build/api_lib.o
                0x08002cc4                netconn_write_partly
 .text.netconn_close
                0x08002cde        0xa build/api_lib.o
                0x08002cde                netconn_close
 .text.netconn_err
                0x08002ce8       0x1e build/api_lib.o
                0x08002ce8                netconn_err
 *fill*         0x08002d06        0x2 
 .text.netconn_accept
                0x08002d08       0xcc build/api_lib.o
                0x08002d08                netconn_accept
 .text.netconn_recv_data
                0x08002dd4      0x124 build/api_lib.o
 .text.netconn_recv_data_tcp
                0x08002ef8       0xa2 build/api_lib.o
 *fill*         0x08002f9a        0x2 
 .text.netconn_recv
                0x08002f9c       0xb8 build/api_lib.o
                0x08002f9c                netconn_recv
 .text.lwip_netconn_err_to_msg
                0x08003054       0x50 build/api_msg.o
 .text.recv_udp
                0x080030a4       0xc4 build/api_msg.o
 .text.setup_tcp
                0x08003168       0x40 build/api_msg.o
 .text.pcb_new  0x080031a8       0x88 build/api_msg.o
 .text.err_tcp  0x08003230      0x124 build/api_msg.o
 .text.lwip_netconn_do_writemore
                0x08003354      0x298 build/api_msg.o
 .text.lwip_netconn_do_close_internal
                0x080035ec      0x218 build/api_msg.o
 .text.poll_tcp
                0x08003804       0x84 build/api_msg.o
 .text.sent_tcp
                0x08003888       0x74 build/api_msg.o
 .text.recv_tcp
                0x080038fc       0xc8 build/api_msg.o
 .text.lwip_netconn_is_err_msg
                0x080039c4       0x5c build/api_msg.o
                0x080039c4                lwip_netconn_is_err_msg
 .text.lwip_netconn_do_newconn
                0x08003a20       0x14 build/api_msg.o
                0x08003a20                lwip_netconn_do_newconn
 .text.netconn_alloc
                0x08003a34       0x84 build/api_msg.o
                0x08003a34                netconn_alloc
 .text.netconn_free
                0x08003ab8       0x78 build/api_msg.o
                0x08003ab8                netconn_free
 .text.netconn_drain
                0x08003b30       0xaa build/api_msg.o
 *fill*         0x08003bda        0x2 
 .text.accept_function
                0x08003bdc      0x108 build/api_msg.o
 .text.lwip_netconn_do_delconn
                0x08003ce4      0x150 build/api_msg.o
                0x08003ce4                lwip_netconn_do_delconn
 .text.lwip_netconn_do_bind
                0x08003e34       0x3a build/api_msg.o
                0x08003e34                lwip_netconn_do_bind
 *fill*         0x08003e6e        0x2 
 .text.lwip_netconn_do_listen
                0x08003e70       0xd8 build/api_msg.o
                0x08003e70                lwip_netconn_do_listen
 .text.lwip_netconn_do_recv
                0x08003f48       0x3c build/api_msg.o
                0x08003f48                lwip_netconn_do_recv
 .text.lwip_netconn_do_write
                0x08003f84       0xd8 build/api_msg.o
                0x08003f84                lwip_netconn_do_write
 .text.lwip_netconn_do_close
                0x0800405c       0xcc build/api_msg.o
                0x0800405c                lwip_netconn_do_close
 .text.netbuf_delete
                0x08004128       0x20 build/netbuf.o
                0x08004128                netbuf_delete
 .text.netbuf_data
                0x08004148       0x6c build/netbuf.o
                0x08004148                netbuf_data
 .text.tcpip_timeouts_mbox_fetch
                0x080041b4       0x60 build/tcpip.o
 .text.tcpip_thread_handle_msg
                0x08004214       0x60 build/tcpip.o
 .text.tcpip_thread
                0x08004274       0x54 build/tcpip.o
 .text.tcpip_inpkt
                0x080042c8       0x64 build/tcpip.o
                0x080042c8                tcpip_inpkt
 .text.tcpip_input
                0x0800432c       0x24 build/tcpip.o
                0x0800432c                tcpip_input
 .text.tcpip_send_msg_wait_sem
                0x08004350       0x20 build/tcpip.o
                0x08004350                tcpip_send_msg_wait_sem
 .text.tcpip_init
                0x08004370       0x84 build/tcpip.o
                0x08004370                tcpip_init
 .text.lwip_htons
                0x080043f4        0xa build/def.o
                0x080043f4                lwip_htons
 .text.lwip_htonl
                0x080043fe       0x18 build/def.o
                0x080043fe                lwip_htonl
 .text.lwip_standard_chksum
                0x08004416       0x68 build/inet_chksum.o
                0x08004416                lwip_standard_chksum
 .text.inet_chksum_pbuf
                0x0800447e       0x48 build/inet_chksum.o
                0x0800447e                inet_chksum_pbuf
 .text.lwip_init
                0x080044c6       0x20 build/init.o
                0x080044c6                lwip_init
 *fill*         0x080044e6        0x2 
 .text.ptr_to_mem
                0x080044e8        0xc build/mem.o
 .text.mem_to_ptr
                0x080044f4       0x10 build/mem.o
 .text.mem_link_valid
                0x08004504       0x5c build/mem.o
 .text.plug_holes
                0x08004560      0x100 build/mem.o
 .text.mem_init
                0x08004660       0x68 build/mem.o
                0x08004660                mem_init
 .text.mem_free
                0x080046c8       0xf0 build/mem.o
                0x080046c8                mem_free
 .text.mem_trim
                0x080047b8      0x1a4 build/mem.o
                0x080047b8                mem_trim
 .text.mem_malloc
                0x0800495c      0x184 build/mem.o
                0x0800495c                mem_malloc
 .text.do_memp_malloc_pool
                0x08004ae0       0x48 build/memp.o
 .text.do_memp_free_pool
                0x08004b28       0x3c build/memp.o
 .text.memp_init_pool
                0x08004b64       0x28 build/memp.o
                0x08004b64                memp_init_pool
 .text.memp_init
                0x08004b8c       0x20 build/memp.o
                0x08004b8c                memp_init
 .text.memp_malloc
                0x08004bac       0x34 build/memp.o
                0x08004bac                memp_malloc
 .text.memp_free
                0x08004be0       0x34 build/memp.o
                0x08004be0                memp_free
 .text.netif_do_set_netmask
                0x08004c14       0x18 build/netif.o
 .text.netif_do_set_gw
                0x08004c2c       0x18 build/netif.o
 .text.netif_null_output_ip4
                0x08004c44        0x6 build/netif.o
 .text.netif_do_ip_addr_changed
                0x08004c4a       0x14 build/netif.o
 *fill*         0x08004c5e        0x2 
 .text.netif_issue_reports
                0x08004c60       0x4c build/netif.o
 .text.netif_do_set_ipaddr
                0x08004cac       0x6c build/netif.o
 .text.netif_init
                0x08004d18        0x2 build/netif.o
                0x08004d18                netif_init
 *fill*         0x08004d1a        0x2 
 .text.netif_set_addr
                0x08004d1c       0x6c build/netif.o
                0x08004d1c                netif_set_addr
 .text.netif_add
                0x08004d88      0x124 build/netif.o
                0x08004d88                netif_add
 .text.netif_set_default
                0x08004eac        0xc build/netif.o
                0x08004eac                netif_set_default
 .text.netif_set_up
                0x08004eb8       0x3c build/netif.o
                0x08004eb8                netif_set_up
 .text.netif_set_down
                0x08004ef4       0x40 build/netif.o
                0x08004ef4                netif_set_down
 .text.netif_get_by_index
                0x08004f34       0x24 build/netif.o
                0x08004f34                netif_get_by_index
 .text.pbuf_init_alloced_pbuf
                0x08004f58       0x24 build/pbuf.o
 .text.pbuf_add_header_impl
                0x08004f7c       0x84 build/pbuf.o
 .text.pbuf_alloc_reference
                0x08005000       0x50 build/pbuf.o
                0x08005000                pbuf_alloc_reference
 .text.pbuf_alloced_custom
                0x08005050       0x3a build/pbuf.o
                0x08005050                pbuf_alloced_custom
 .text.pbuf_add_header
                0x0800508a        0xa build/pbuf.o
                0x0800508a                pbuf_add_header
 .text.pbuf_remove_header
                0x08005094       0x74 build/pbuf.o
                0x08005094                pbuf_remove_header
 .text.pbuf_header_impl
                0x08005108       0x14 build/pbuf.o
 .text.pbuf_header_force
                0x0800511c        0xa build/pbuf.o
                0x0800511c                pbuf_header_force
 *fill*         0x08005126        0x2 
 .text.pbuf_free
                0x08005128       0xd0 build/pbuf.o
                0x08005128                pbuf_free
 .text.pbuf_alloc
                0x080051f8      0x15c build/pbuf.o
                0x080051f8                pbuf_alloc
 .text.pbuf_realloc
                0x08005354       0xa8 build/pbuf.o
                0x08005354                pbuf_realloc
 .text.pbuf_clen
                0x080053fc       0x10 build/pbuf.o
                0x080053fc                pbuf_clen
 .text.pbuf_ref
                0x0800540c       0x38 build/pbuf.o
                0x0800540c                pbuf_ref
 .text.pbuf_cat
                0x08005444       0x80 build/pbuf.o
                0x08005444                pbuf_cat
 .text.pbuf_chain
                0x080054c4       0x10 build/pbuf.o
                0x080054c4                pbuf_chain
 .text.pbuf_copy
                0x080054d4      0x130 build/pbuf.o
                0x080054d4                pbuf_copy
 .text.pbuf_copy_partial
                0x08005604       0x9c build/pbuf.o
                0x08005604                pbuf_copy_partial
 .text.pbuf_clone
                0x080056a0       0x38 build/pbuf.o
                0x080056a0                pbuf_clone
 .text.tcp_new_port
                0x080056d8       0x68 build/tcp.o
 .text.tcp_remove_listener
                0x08005740       0x34 build/tcp.o
 .text.tcp_listen_closed
                0x08005774       0x5c build/tcp.o
 .text.tcp_free_listen
                0x080057d0       0x30 build/tcp.o
 .text.tcp_close_shutdown_fin
                0x08005800       0x84 build/tcp.o
 .text.tcp_handle_closepend
                0x08005884       0x2c build/tcp.o
 .text.tcp_init
                0x080058b0       0x18 build/tcp.o
                0x080058b0                tcp_init
 .text.tcp_free
                0x080058c8       0x30 build/tcp.o
                0x080058c8                tcp_free
 .text.tcp_bind
                0x080058f8       0xcc build/tcp.o
                0x080058f8                tcp_bind
 .text.tcp_listen_with_backlog_and_err
                0x080059c4       0xe0 build/tcp.o
                0x080059c4                tcp_listen_with_backlog_and_err
 .text.tcp_update_rcv_ann_wnd
                0x08005aa4       0x74 build/tcp.o
                0x08005aa4                tcp_update_rcv_ann_wnd
 .text.tcp_recved
                0x08005b18       0x7c build/tcp.o
                0x08005b18                tcp_recved
 .text.tcp_seg_free
                0x08005b94       0x1a build/tcp.o
                0x08005b94                tcp_seg_free
 .text.tcp_segs_free
                0x08005bae       0x14 build/tcp.o
                0x08005bae                tcp_segs_free
 .text.tcp_arg  0x08005bc2        0x6 build/tcp.o
                0x08005bc2                tcp_arg
 .text.tcp_recv
                0x08005bc8       0x34 build/tcp.o
                0x08005bc8                tcp_recv
 .text.tcp_sent
                0x08005bfc       0x30 build/tcp.o
                0x08005bfc                tcp_sent
 .text.tcp_err  0x08005c2c       0x34 build/tcp.o
                0x08005c2c                tcp_err
 .text.tcp_accept
                0x08005c60        0xe build/tcp.o
                0x08005c60                tcp_accept
 *fill*         0x08005c6e        0x2 
 .text.tcp_poll
                0x08005c70       0x48 build/tcp.o
                0x08005c70                tcp_poll
 .text.tcp_pcb_purge
                0x08005cb8       0x64 build/tcp.o
                0x08005cb8                tcp_pcb_purge
 .text.tcp_slowtmr
                0x08005d1c      0x47c build/tcp.o
                0x08005d1c                tcp_slowtmr
 .text.tcp_pcb_remove
                0x08006198       0xbc build/tcp.o
                0x08006198                tcp_pcb_remove
 .text.tcp_close_shutdown
                0x08006254      0x14c build/tcp.o
 .text.tcp_close
                0x080063a0       0x40 build/tcp.o
                0x080063a0                tcp_close
 .text.tcp_recv_null
                0x080063e0       0x48 build/tcp.o
                0x080063e0                tcp_recv_null
 .text.tcp_process_refused_data
                0x08006428       0x90 build/tcp.o
                0x08006428                tcp_process_refused_data
 .text.tcp_fasttmr
                0x080064b8       0x80 build/tcp.o
                0x080064b8                tcp_fasttmr
 .text.tcp_tmr  0x08006538       0x24 build/tcp.o
                0x08006538                tcp_tmr
 .text.tcp_shutdown
                0x0800655c       0x80 build/tcp.o
                0x0800655c                tcp_shutdown
 .text.tcp_abandon
                0x080065dc      0x104 build/tcp.o
                0x080065dc                tcp_abandon
 .text.tcp_abort
                0x080066e0        0xa build/tcp.o
                0x080066e0                tcp_abort
 *fill*         0x080066ea        0x2 
 .text.tcp_accept_null
                0x080066ec       0x30 build/tcp.o
 .text.tcp_kill_timewait
                0x0800671c       0x34 build/tcp.o
 .text.tcp_kill_prio
                0x08006750       0x54 build/tcp.o
 .text.tcp_netif_ip_addr_changed_pcblist
                0x080067a4       0x40 build/tcp.o
 .text.tcp_kill_state
                0x080067e4       0x64 build/tcp.o
 .text.tcp_alloc
                0x08006848       0xc4 build/tcp.o
                0x08006848                tcp_alloc
 .text.tcp_new_ip_type
                0x0800690c        0xa build/tcp.o
                0x0800690c                tcp_new_ip_type
 *fill*         0x08006916        0x2 
 .text.tcp_next_iss
                0x08006918       0x38 build/tcp.o
                0x08006918                tcp_next_iss
 .text.tcp_eff_send_mss_netif
                0x08006950       0x40 build/tcp.o
                0x08006950                tcp_eff_send_mss_netif
 .text.tcp_netif_ip_addr_changed
                0x08006990       0x54 build/tcp.o
                0x08006990                tcp_netif_ip_addr_changed
 .text.tcp_get_next_optbyte
                0x080069e4       0x3c build/tcp_in.o
 .text.tcp_parseopt
                0x08006a20       0xa4 build/tcp_in.o
 .text.tcp_input_delayed_close
                0x08006ac4       0x60 build/tcp_in.o
 .text.tcp_timewait_input
                0x08006b24       0xb8 build/tcp_in.o
 .text.tcp_listen_input
                0x08006bdc      0x150 build/tcp_in.o
 .text.tcp_free_acked_segments
                0x08006d2c       0xc8 build/tcp_in.o
 .text.tcp_receive
                0x08006df4      0x570 build/tcp_in.o
 .text.tcp_process
                0x08007364      0x580 build/tcp_in.o
 .text.tcp_input
                0x080078e4      0x5a0 build/tcp_in.o
                0x080078e4                tcp_input
 .text.tcp_trigger_input_pcb_close
                0x08007e84       0x10 build/tcp_in.o
                0x08007e84                tcp_trigger_input_pcb_close
 .text.tcp_write_checks
                0x08007e94       0xbc build/tcp_out.o
 .text.tcp_output_segment_busy
                0x08007f50       0x34 build/tcp_out.o
 .text.tcp_output_fill_options
                0x08007f84       0x4c build/tcp_out.o
 .text.tcp_pbuf_prealloc
                0x08007fd0       0xbc build/tcp_out.o
 .text.tcp_create_segment
                0x0800808c       0xe8 build/tcp_out.o
 .text.tcp_output_alloc_header_common
                0x08008174       0x98 build/tcp_out.o
 .text.tcp_output_alloc_header
                0x0800820c       0x54 build/tcp_out.o
 .text.tcp_route
                0x08008260       0x16 build/tcp_out.o
 *fill*         0x08008276        0x2 
 .text.tcp_output_segment
                0x08008278      0x13c build/tcp_out.o
 .text.tcp_output_control_segment
                0x080083b4       0x6c build/tcp_out.o
 .text.tcp_write
                0x08008420      0x578 build/tcp_out.o
                0x08008420                tcp_write
 .text.tcp_split_unsent_seg
                0x08008998      0x1b8 build/tcp_out.o
                0x08008998                tcp_split_unsent_seg
 .text.tcp_enqueue_flags
                0x08008b50      0x160 build/tcp_out.o
                0x08008b50                tcp_enqueue_flags
 .text.tcp_send_fin
                0x08008cb0       0x64 build/tcp_out.o
                0x08008cb0                tcp_send_fin
 .text.tcp_rexmit_rto_prepare
                0x08008d14       0x94 build/tcp_out.o
                0x08008d14                tcp_rexmit_rto_prepare
 .text.tcp_rexmit
                0x08008da8       0x88 build/tcp_out.o
                0x08008da8                tcp_rexmit
 .text.tcp_rexmit_fast
                0x08008e30       0x78 build/tcp_out.o
                0x08008e30                tcp_rexmit_fast
 .text.tcp_rst  0x08008ea8       0x90 build/tcp_out.o
                0x08008ea8                tcp_rst
 .text.tcp_send_empty_ack
                0x08008f38       0x74 build/tcp_out.o
                0x08008f38                tcp_send_empty_ack
 .text.tcp_output
                0x08008fac      0x2ac build/tcp_out.o
                0x08008fac                tcp_output
 .text.tcp_rexmit_rto_commit
                0x08009258       0x38 build/tcp_out.o
                0x08009258                tcp_rexmit_rto_commit
 .text.tcp_rexmit_rto
                0x08009290       0x34 build/tcp_out.o
                0x08009290                tcp_rexmit_rto
 .text.tcp_keepalive
                0x080092c4       0x5c build/tcp_out.o
                0x080092c4                tcp_keepalive
 .text.tcp_zero_window_probe
                0x08009320       0xdc build/tcp_out.o
                0x08009320                tcp_zero_window_probe
 .text.sys_timeout_abs
                0x080093fc       0x70 build/timeouts.o
 .text.lwip_cyclic_timer
                0x0800946c       0x3c build/timeouts.o
 .text.sys_timeout
                0x080094a8       0x3c build/timeouts.o
                0x080094a8                sys_timeout
 .text.tcp_timer_needed
                0x080094e4       0x3c build/timeouts.o
                0x080094e4                tcp_timer_needed
 .text.tcpip_tcp_timer
                0x08009520       0x38 build/timeouts.o
 .text.sys_timeouts_init
                0x08009558       0x28 build/timeouts.o
                0x08009558                sys_timeouts_init
 .text.sys_check_timeouts
                0x08009580       0x40 build/timeouts.o
                0x08009580                sys_check_timeouts
 .text.sys_timeouts_sleeptime
                0x080095c0       0x48 build/timeouts.o
                0x080095c0                sys_timeouts_sleeptime
 .text.udp_new_port
                0x08009608       0x4c build/udp.o
 .text.udp_input_local_match
                0x08009654       0xa0 build/udp.o
 .text.udp_init
                0x080096f4       0x18 build/udp.o
                0x080096f4                udp_init
 .text.udp_input
                0x0800970c      0x184 build/udp.o
                0x0800970c                udp_input
 .text.udp_bind
                0x08009890       0xbc build/udp.o
                0x08009890                udp_bind
 .text.udp_sendto_if_src
                0x0800994c      0x16c build/udp.o
                0x0800994c                udp_sendto_if_src
 .text.udp_sendto_if
                0x08009ab8       0xa4 build/udp.o
                0x08009ab8                udp_sendto_if
 .text.udp_connect
                0x08009b5c       0x84 build/udp.o
                0x08009b5c                udp_connect
 .text.udp_recv
                0x08009be0       0x28 build/udp.o
                0x08009be0                udp_recv
 .text.udp_remove
                0x08009c08       0x54 build/udp.o
                0x08009c08                udp_remove
 .text.udp_new  0x08009c5c       0x1c build/udp.o
                0x08009c5c                udp_new
 .text.udp_new_ip_type
                0x08009c78        0x8 build/udp.o
                0x08009c78                udp_new_ip_type
 .text.udp_netif_ip_addr_changed
                0x08009c80       0x38 build/udp.o
                0x08009c80                udp_netif_ip_addr_changed
 .text.dhcp_set_state
                0x08009cb8       0x10 build/dhcp.o
 .text.dhcp_option_short
                0x08009cc8       0x3c build/dhcp.o
 .text.dhcp_option
                0x08009d04       0x3c build/dhcp.o
 .text.dhcp_option_byte
                0x08009d40       0x30 build/dhcp.o
 .text.dhcp_option_long
                0x08009d70       0x50 build/dhcp.o
 .text.dhcp_create_msg
                0x08009dc0      0x13c build/dhcp.o
 .text.dhcp_handle_ack
                0x08009efc       0x7c build/dhcp.o
 .text.dhcp_option_trailer
                0x08009f78       0x32 build/dhcp.o
 *fill*         0x08009faa        0x2 
 .text.dhcp_rebind
                0x08009fac       0xec build/dhcp.o
 .text.dhcp_t2_timeout
                0x0800a098       0x36 build/dhcp.o
 *fill*         0x0800a0ce        0x2 
 .text.dhcp_reboot
                0x0800a0d0      0x110 build/dhcp.o
 .text.dhcp_select
                0x0800a1e0      0x180 build/dhcp.o
 .text.dhcp_handle_offer
                0x0800a360       0x34 build/dhcp.o
 .text.dhcp_discover
                0x0800a394       0xf4 build/dhcp.o
 .text.dhcp_decline
                0x0800a488       0x9c build/dhcp.o
 .text.dhcp_check
                0x0800a524       0x2a build/dhcp.o
 *fill*         0x0800a54e        0x2 
 .text.dhcp_bind
                0x0800a550      0x12c build/dhcp.o
 .text.dhcp_handle_nak
                0x0800a67c       0x24 build/dhcp.o
 .text.dhcp_dec_pcb_refcount
                0x0800a6a0       0x48 build/dhcp.o
 .text.dhcp_inc_pcb_refcount
                0x0800a6e8       0x7c build/dhcp.o
 .text.dhcp_parse_reply
                0x0800a764      0x48c build/dhcp.o
 .text.dhcp_recv
                0x0800abf0       0xec build/dhcp.o
 .text.dhcp_arp_reply
                0x0800acdc       0x40 build/dhcp.o
                0x0800acdc                dhcp_arp_reply
 .text.dhcp_renew
                0x0800ad1c       0xe8 build/dhcp.o
                0x0800ad1c                dhcp_renew
 .text.dhcp_t1_timeout
                0x0800ae04       0x34 build/dhcp.o
 .text.dhcp_supplied_address
                0x0800ae38       0x2a build/dhcp.o
                0x0800ae38                dhcp_supplied_address
 *fill*         0x0800ae62        0x2 
 .text.dhcp_release_and_stop
                0x0800ae64       0xc4 build/dhcp.o
                0x0800ae64                dhcp_release_and_stop
 .text.dhcp_start
                0x0800af28       0xc4 build/dhcp.o
                0x0800af28                dhcp_start
 .text.dhcp_coarse_tmr
                0x0800afec       0x64 build/dhcp.o
                0x0800afec                dhcp_coarse_tmr
 .text.dhcp_timeout
                0x0800b050       0x5e build/dhcp.o
 *fill*         0x0800b0ae        0x2 
 .text.dhcp_fine_tmr
                0x0800b0b0       0x34 build/dhcp.o
                0x0800b0b0                dhcp_fine_tmr
 .text.dhcp_stop
                0x0800b0e4        0x8 build/dhcp.o
                0x0800b0e4                dhcp_stop
 .text.etharp_free_entry
                0x0800b0ec       0x34 build/etharp.o
 .text.etharp_find_entry
                0x0800b120      0x1f0 build/etharp.o
 .text.etharp_update_arp_entry
                0x0800b310       0xbc build/etharp.o
 .text.etharp_raw
                0x0800b3cc       0xe8 build/etharp.o
 .text.etharp_request_dst
                0x0800b4b4       0x28 build/etharp.o
 .text.etharp_cleanup_netif
                0x0800b4dc       0x3c build/etharp.o
                0x0800b4dc                etharp_cleanup_netif
 .text.etharp_input
                0x0800b518       0xc8 build/etharp.o
                0x0800b518                etharp_input
 .text.etharp_request
                0x0800b5e0       0x10 build/etharp.o
                0x0800b5e0                etharp_request
 .text.etharp_tmr
                0x0800b5f0       0x88 build/etharp.o
                0x0800b5f0                etharp_tmr
 .text.etharp_output_to_arp_index
                0x0800b678       0xdc build/etharp.o
 .text.etharp_query
                0x0800b754      0x1b8 build/etharp.o
                0x0800b754                etharp_query
 .text.etharp_output
                0x0800b90c      0x168 build/etharp.o
                0x0800b90c                etharp_output
 .text.icmp_send_response
                0x0800ba74       0xa8 build/icmp.o
 .text.icmp_input
                0x0800bb1c      0x158 build/icmp.o
                0x0800bb1c                icmp_input
 .text.icmp_dest_unreach
                0x0800bc74        0xc build/icmp.o
                0x0800bc74                icmp_dest_unreach
 .text.icmp_time_exceeded
                0x0800bc80        0xc build/icmp.o
                0x0800bc80                icmp_time_exceeded
 .text.ip4_input_accept
                0x0800bc8c       0x34 build/ip4.o
 .text.ip4_route
                0x0800bcc0       0x68 build/ip4.o
                0x0800bcc0                ip4_route
 .text.ip4_input
                0x0800bd28      0x1b8 build/ip4.o
                0x0800bd28                ip4_input
 .text.ip4_output_if_src
                0x0800bee0      0x100 build/ip4.o
                0x0800bee0                ip4_output_if_src
 .text.ip4_output_if
                0x0800bfe0       0x2a build/ip4.o
                0x0800bfe0                ip4_output_if
 .text.ip4_addr_isbroadcast_u32
                0x0800c00a       0x40 build/ip4_addr.o
                0x0800c00a                ip4_addr_isbroadcast_u32
 *fill*         0x0800c04a        0x2 
 .text.ip_reass_dequeue_datagram
                0x0800c04c       0x48 build/ip4_frag.o
 .text.ip_reass_free_complete_datagram
                0x0800c094       0xf8 build/ip4_frag.o
 .text.ip_reass_remove_oldest_datagram
                0x0800c18c       0x84 build/ip4_frag.o
 .text.ip_frag_free_pbuf_custom_ref
                0x0800c210       0x2c build/ip4_frag.o
 .text.ipfrag_free_pbuf_custom
                0x0800c23c       0x34 build/ip4_frag.o
 .text.ip_reass_chain_frag_into_datagram_and_validate
                0x0800c270      0x1b4 build/ip4_frag.o
 .text.ip_frag_alloc_pbuf_custom_ref
                0x0800c424        0xa build/ip4_frag.o
 *fill*         0x0800c42e        0x2 
 .text.ip_reass_enqueue_new_datagram
                0x0800c430       0x64 build/ip4_frag.o
 .text.ip_reass_tmr
                0x0800c494       0x2c build/ip4_frag.o
                0x0800c494                ip_reass_tmr
 .text.ip4_reass
                0x0800c4c0      0x218 build/ip4_frag.o
                0x0800c4c0                ip4_reass
 .text.ip4_frag
                0x0800c6d8      0x200 build/ip4_frag.o
                0x0800c6d8                ip4_frag
 .text.sys_mbox_new
                0x0800c8d8       0x24 build/sys_arch.o
                0x0800c8d8                sys_mbox_new
 .text.sys_mbox_free
                0x0800c8fc       0x12 build/sys_arch.o
                0x0800c8fc                sys_mbox_free
 .text.sys_mbox_trypost
                0x0800c90e       0x14 build/sys_arch.o
                0x0800c90e                sys_mbox_trypost
 .text.sys_arch_mbox_fetch
                0x0800c922       0x5a build/sys_arch.o
                0x0800c922                sys_arch_mbox_fetch
 .text.sys_arch_mbox_tryfetch
                0x0800c97c       0x26 build/sys_arch.o
                0x0800c97c                sys_arch_mbox_tryfetch
 .text.sys_mbox_valid
                0x0800c9a2        0xc build/sys_arch.o
                0x0800c9a2                sys_mbox_valid
 .text.sys_mbox_set_invalid
                0x0800c9ae        0x6 build/sys_arch.o
                0x0800c9ae                sys_mbox_set_invalid
 .text.sys_sem_new
                0x0800c9b4       0x30 build/sys_arch.o
                0x0800c9b4                sys_sem_new
 .text.sys_arch_sem_wait
                0x0800c9e4       0x3c build/sys_arch.o
                0x0800c9e4                sys_arch_sem_wait
 .text.sys_sem_signal
                0x0800ca20        0xa build/sys_arch.o
                0x0800ca20                sys_sem_signal
 .text.sys_sem_free
                0x0800ca2a        0xa build/sys_arch.o
                0x0800ca2a                sys_sem_free
 .text.sys_sem_valid
                0x0800ca34        0xc build/sys_arch.o
                0x0800ca34                sys_sem_valid
 .text.sys_sem_set_invalid
                0x0800ca40        0x6 build/sys_arch.o
                0x0800ca40                sys_sem_set_invalid
 *fill*         0x0800ca46        0x2 
 .text.sys_init
                0x0800ca48       0x18 build/sys_arch.o
                0x0800ca48                sys_init
 .text.sys_mutex_new
                0x0800ca60       0x20 build/sys_arch.o
                0x0800ca60                sys_mutex_new
 .text.sys_mutex_lock
                0x0800ca80        0xe build/sys_arch.o
                0x0800ca80                sys_mutex_lock
 .text.sys_mutex_unlock
                0x0800ca8e        0xa build/sys_arch.o
                0x0800ca8e                sys_mutex_unlock
 .text.sys_thread_new
                0x0800ca98       0x24 build/sys_arch.o
                0x0800ca98                sys_thread_new
 .text.sys_arch_protect
                0x0800cabc       0x18 build/sys_arch.o
                0x0800cabc                sys_arch_protect
 .text.sys_arch_unprotect
                0x0800cad4       0x10 build/sys_arch.o
                0x0800cad4                sys_arch_unprotect
 .text.fs_open  0x0800cae4       0x48 build/fs.o
                0x0800cae4                fs_open
 .text.fs_close
                0x0800cb2c        0x2 build/fs.o
                0x0800cb2c                fs_close
 *fill*         0x0800cb2e        0x2 
 .text.prvHeapInit
                0x0800cb30       0x64 build/heap_4.o
 .text.prvInsertBlockIntoFreeList
                0x0800cb94       0x58 build/heap_4.o
 .text.pvPortMalloc
                0x0800cbec       0xf8 build/heap_4.o
                0x0800cbec                pvPortMalloc
 .text.vPortFree
                0x0800cce4       0x78 build/heap_4.o
                0x0800cce4                vPortFree
 .text.prvTaskExitError
                0x0800cd5c       0x48 build/port.o
 .text.prvPortStartFirstTask
                0x0800cda4       0x28 build/port.o
 .text.vPortEnableVFP
                0x0800cdcc       0x14 build/port.o
 .text.pxPortInitialiseStack
                0x0800cde0       0x2c build/port.o
                0x0800cde0                pxPortInitialiseStack
 *fill*         0x0800ce0c        0x4 
 .text.SVC_Handler
                0x0800ce10       0x24 build/port.o
                0x0800ce10                SVC_Handler
 .text.vPortEnterCritical
                0x0800ce34       0x4c build/port.o
                0x0800ce34                vPortEnterCritical
 .text.vPortExitCritical
                0x0800ce80       0x30 build/port.o
                0x0800ce80                vPortExitCritical
 .text.PendSV_Handler
                0x0800ceb0       0x64 build/port.o
                0x0800ceb0                PendSV_Handler
 .text.xPortSysTickHandler
                0x0800cf14       0x30 build/port.o
                0x0800cf14                xPortSysTickHandler
 .text.vPortSetupTimerInterrupt
                0x0800cf44       0x38 build/port.o
                0x0800cf44                vPortSetupTimerInterrupt
 .text.xPortStartScheduler
                0x0800cf7c       0xd0 build/port.o
                0x0800cf7c                xPortStartScheduler
 .text.vPortValidateInterruptPriority
                0x0800d04c       0x64 build/port.o
                0x0800d04c                vPortValidateInterruptPriority
 .text.makeFreeRtosPriority
                0x0800d0b0        0xc build/cmsis_os.o
 .text.inHandlerMode
                0x0800d0bc        0xc build/cmsis_os.o
 .text.osKernelStart
                0x0800d0c8        0xa build/cmsis_os.o
                0x0800d0c8                osKernelStart
 .text.osKernelSysTick
                0x0800d0d2       0x14 build/cmsis_os.o
                0x0800d0d2                osKernelSysTick
 .text.osThreadCreate
                0x0800d0e6       0x34 build/cmsis_os.o
                0x0800d0e6                osThreadCreate
 .text.osThreadTerminate
                0x0800d11a        0xa build/cmsis_os.o
                0x0800d11a                osThreadTerminate
 .text.osDelay  0x0800d124        0xe build/cmsis_os.o
                0x0800d124                osDelay
 .text.osMutexCreate
                0x0800d132        0xa build/cmsis_os.o
                0x0800d132                osMutexCreate
 .text.osMutexWait
                0x0800d13c       0x60 build/cmsis_os.o
                0x0800d13c                osMutexWait
 .text.osMutexRelease
                0x0800d19c       0x5c build/cmsis_os.o
                0x0800d19c                osMutexRelease
 .text.osSemaphoreCreate
                0x0800d1f8       0x2e build/cmsis_os.o
                0x0800d1f8                osSemaphoreCreate
 *fill*         0x0800d226        0x2 
 .text.osSemaphoreWait
                0x0800d228       0x60 build/cmsis_os.o
                0x0800d228                osSemaphoreWait
 .text.osSemaphoreRelease
                0x0800d288       0x5c build/cmsis_os.o
                0x0800d288                osSemaphoreRelease
 .text.osSemaphoreDelete
                0x0800d2e4       0x18 build/cmsis_os.o
                0x0800d2e4                osSemaphoreDelete
 .text.osMessageCreate
                0x0800d2fc        0xe build/cmsis_os.o
                0x0800d2fc                osMessageCreate
 *fill*         0x0800d30a        0x2 
 .text.osMessagePut
                0x0800d30c       0x68 build/cmsis_os.o
                0x0800d30c                osMessagePut
 .text.osMessageGet
                0x0800d374       0x88 build/cmsis_os.o
                0x0800d374                osMessageGet
 .text.osSystickHandler
                0x0800d3fc       0x12 build/cmsis_os.o
                0x0800d3fc                osSystickHandler
 .text.osThreadList
                0x0800d40e        0xa build/cmsis_os.o
                0x0800d40e                osThreadList
 .text.osMessageWaiting
                0x0800d418       0x1a build/cmsis_os.o
                0x0800d418                osMessageWaiting
 .text.osMessageDelete
                0x0800d432       0x18 build/cmsis_os.o
                0x0800d432                osMessageDelete
 .text.prvGetDisinheritPriorityAfterTimeout
                0x0800d44a       0x10 build/queue.o
 .text.prvIsQueueFull
                0x0800d45a       0x1e build/queue.o
 .text.prvIsQueueEmpty
                0x0800d478       0x1a build/queue.o
 .text.prvCopyDataToQueue
                0x0800d492       0x76 build/queue.o
 .text.prvCopyDataFromQueue
                0x0800d508       0x24 build/queue.o
 .text.prvUnlockQueue
                0x0800d52c       0x6e build/queue.o
 *fill*         0x0800d59a        0x2 
 .text.xQueueGenericReset
                0x0800d59c       0x88 build/queue.o
                0x0800d59c                xQueueGenericReset
 .text.prvInitialiseNewQueue
                0x0800d624       0x22 build/queue.o
 .text.xQueueGenericCreate
                0x0800d646       0x4c build/queue.o
                0x0800d646                xQueueGenericCreate
 .text.xQueueCreateCountingSemaphore
                0x0800d692       0x48 build/queue.o
                0x0800d692                xQueueCreateCountingSemaphore
 *fill*         0x0800d6da        0x2 
 .text.xQueueGenericSend
                0x0800d6dc      0x190 build/queue.o
                0x0800d6dc                xQueueGenericSend
 .text.prvInitialiseMutex
                0x0800d86c       0x18 build/queue.o
 .text.xQueueCreateMutex
                0x0800d884       0x16 build/queue.o
                0x0800d884                xQueueCreateMutex
 .text.xQueueGenericSendFromISR
                0x0800d89a       0xde build/queue.o
                0x0800d89a                xQueueGenericSendFromISR
 .text.xQueueGiveFromISR
                0x0800d978       0xc2 build/queue.o
                0x0800d978                xQueueGiveFromISR
 *fill*         0x0800da3a        0x2 
 .text.xQueueReceive
                0x0800da3c      0x168 build/queue.o
                0x0800da3c                xQueueReceive
 .text.xQueueSemaphoreTake
                0x0800dba4      0x1b4 build/queue.o
                0x0800dba4                xQueueSemaphoreTake
 .text.xQueueReceiveFromISR
                0x0800dd58       0xb8 build/queue.o
                0x0800dd58                xQueueReceiveFromISR
 .text.uxQueueMessagesWaiting
                0x0800de10       0x2a build/queue.o
                0x0800de10                uxQueueMessagesWaiting
 .text.uxQueueMessagesWaitingFromISR
                0x0800de3a       0x1c build/queue.o
                0x0800de3a                uxQueueMessagesWaitingFromISR
 *fill*         0x0800de56        0x2 
 .text.vQueueUnregisterQueue
                0x0800de58       0x2c build/queue.o
                0x0800de58                vQueueUnregisterQueue
 .text.vQueueDelete
                0x0800de84       0x28 build/queue.o
                0x0800de84                vQueueDelete
 .text.prvTaskCheckFreeStackSpace
                0x0800deac       0x14 build/tasks.o
 .text.prvResetNextTaskUnblockTime
                0x0800dec0       0x2c build/tasks.o
 .text.prvDeleteTCB
                0x0800deec       0x12 build/tasks.o
 .text.prvInitialiseNewTask
                0x0800defe       0x9a build/tasks.o
 .text.prvInitialiseTaskLists
                0x0800df98       0x5c build/tasks.o
 .text.prvAddNewTaskToReadyList
                0x0800dff4       0xac build/tasks.o
 .text.prvCheckTasksWaitingTermination
                0x0800e0a0       0x4c build/tasks.o
 .text.prvIdleTask
                0x0800e0ec       0x28 build/tasks.o
 .text.prvAddCurrentTaskToDelayedList
                0x0800e114       0x7c build/tasks.o
 .text.prvWriteNameToBuffer
                0x0800e190       0x22 build/tasks.o
 .text.xTaskCreate
                0x0800e1b2       0x64 build/tasks.o
                0x0800e1b2                xTaskCreate
 *fill*         0x0800e216        0x2 
 .text.vTaskDelete
                0x0800e218       0xe4 build/tasks.o
                0x0800e218                vTaskDelete
 .text.eTaskGetState
                0x0800e2fc       0x6c build/tasks.o
                0x0800e2fc                eTaskGetState
 .text.vTaskStartScheduler
                0x0800e368       0x84 build/tasks.o
                0x0800e368                vTaskStartScheduler
 .text.vTaskSuspendAll
                0x0800e3ec       0x10 build/tasks.o
                0x0800e3ec                vTaskSuspendAll
 .text.xTaskGetTickCount
                0x0800e3fc        0xc build/tasks.o
                0x0800e3fc                xTaskGetTickCount
 .text.xTaskGetTickCountFromISR
                0x0800e408       0x10 build/tasks.o
                0x0800e408                xTaskGetTickCountFromISR
 .text.xTaskIncrementTick
                0x0800e418      0x11c build/tasks.o
                0x0800e418                xTaskIncrementTick
 .text.xTaskResumeAll
                0x0800e534       0xfc build/tasks.o
                0x0800e534                xTaskResumeAll
 .text.vTaskDelay
                0x0800e630       0x50 build/tasks.o
                0x0800e630                vTaskDelay
 .text.vTaskSwitchContext
                0x0800e680       0x9c build/tasks.o
                0x0800e680                vTaskSwitchContext
 .text.vTaskPlaceOnEventList
                0x0800e71c       0x34 build/tasks.o
                0x0800e71c                vTaskPlaceOnEventList
 .text.xTaskRemoveFromEventList
                0x0800e750       0x90 build/tasks.o
                0x0800e750                xTaskRemoveFromEventList
 .text.vTaskInternalSetTimeOutState
                0x0800e7e0       0x18 build/tasks.o
                0x0800e7e0                vTaskInternalSetTimeOutState
 .text.xTaskCheckForTimeOut
                0x0800e7f8       0x80 build/tasks.o
                0x0800e7f8                xTaskCheckForTimeOut
 .text.vTaskMissedYield
                0x0800e878        0xc build/tasks.o
                0x0800e878                vTaskMissedYield
 .text.vTaskGetInfo
                0x0800e884       0x60 build/tasks.o
                0x0800e884                vTaskGetInfo
 .text.prvListTasksWithinSingleList
                0x0800e8e4       0x5e build/tasks.o
 *fill*         0x0800e942        0x2 
 .text.uxTaskGetSystemState
                0x0800e944       0x98 build/tasks.o
                0x0800e944                uxTaskGetSystemState
 .text.xTaskGetSchedulerState
                0x0800e9dc       0x20 build/tasks.o
                0x0800e9dc                xTaskGetSchedulerState
 .text.xTaskPriorityInherit
                0x0800e9fc       0xb8 build/tasks.o
                0x0800e9fc                xTaskPriorityInherit
 .text.xTaskPriorityDisinherit
                0x0800eab4       0xbc build/tasks.o
                0x0800eab4                xTaskPriorityDisinherit
 .text.vTaskPriorityDisinheritAfterTimeout
                0x0800eb70       0xcc build/tasks.o
                0x0800eb70                vTaskPriorityDisinheritAfterTimeout
 .text.vTaskList
                0x0800ec3c       0xbc build/tasks.o
                0x0800ec3c                vTaskList
 .text.pvTaskIncrementMutexHeldCount
                0x0800ecf8       0x1c build/tasks.o
                0x0800ecf8                pvTaskIncrementMutexHeldCount
 .text.vListInitialise
                0x0800ed14       0x16 build/list.o
                0x0800ed14                vListInitialise
 .text.vListInitialiseItem
                0x0800ed2a        0x6 build/list.o
                0x0800ed2a                vListInitialiseItem
 .text.vListInsertEnd
                0x0800ed30       0x16 build/list.o
                0x0800ed30                vListInsertEnd
 .text.vListInsert
                0x0800ed46       0x32 build/list.o
                0x0800ed46                vListInsert
 .text.uxListRemove
                0x0800ed78       0x26 build/list.o
                0x0800ed78                uxListRemove
 *fill*         0x0800ed9e        0x2 
 .text.Reset_Handler
                0x0800eda0       0x50 build/startup_stm32f746xx.o
                0x0800eda0                Reset_Handler
 .text.Default_Handler
                0x0800edf0        0x2 build/startup_stm32f746xx.o
                0x0800edf0                RTC_Alarm_IRQHandler
                0x0800edf0                EXTI2_IRQHandler
                0x0800edf0                TIM8_CC_IRQHandler
                0x0800edf0                UART8_IRQHandler
                0x0800edf0                SPI4_IRQHandler
                0x0800edf0                TIM1_CC_IRQHandler
                0x0800edf0                DMA2_Stream5_IRQHandler
                0x0800edf0                DMA1_Stream5_IRQHandler
                0x0800edf0                PVD_IRQHandler
                0x0800edf0                TAMP_STAMP_IRQHandler
                0x0800edf0                CAN2_RX1_IRQHandler
                0x0800edf0                EXTI3_IRQHandler
                0x0800edf0                TIM8_TRG_COM_TIM14_IRQHandler
                0x0800edf0                TIM1_UP_TIM10_IRQHandler
                0x0800edf0                TIM8_UP_TIM13_IRQHandler
                0x0800edf0                I2C3_ER_IRQHandler
                0x0800edf0                EXTI0_IRQHandler
                0x0800edf0                I2C2_EV_IRQHandler
                0x0800edf0                DMA1_Stream2_IRQHandler
                0x0800edf0                CAN1_RX0_IRQHandler
                0x0800edf0                FPU_IRQHandler
                0x0800edf0                OTG_HS_WKUP_IRQHandler
                0x0800edf0                LTDC_ER_IRQHandler
                0x0800edf0                CAN2_SCE_IRQHandler
                0x0800edf0                DMA2_Stream2_IRQHandler
                0x0800edf0                SPI1_IRQHandler
                0x0800edf0                TIM1_BRK_TIM9_IRQHandler
                0x0800edf0                DCMI_IRQHandler
                0x0800edf0                CAN2_RX0_IRQHandler
                0x0800edf0                DMA2_Stream3_IRQHandler
                0x0800edf0                SAI2_IRQHandler
                0x0800edf0                USART6_IRQHandler
                0x0800edf0                USART3_IRQHandler
                0x0800edf0                CAN1_RX1_IRQHandler
                0x0800edf0                UART5_IRQHandler
                0x0800edf0                DMA2_Stream0_IRQHandler
                0x0800edf0                TIM4_IRQHandler
                0x0800edf0                QUADSPI_IRQHandler
                0x0800edf0                I2C1_EV_IRQHandler
                0x0800edf0                DMA1_Stream6_IRQHandler
                0x0800edf0                DMA1_Stream1_IRQHandler
                0x0800edf0                UART4_IRQHandler
                0x0800edf0                TIM3_IRQHandler
                0x0800edf0                RCC_IRQHandler
                0x0800edf0                TIM8_BRK_TIM12_IRQHandler
                0x0800edf0                Default_Handler
                0x0800edf0                CEC_IRQHandler
                0x0800edf0                EXTI15_10_IRQHandler
                0x0800edf0                ADC_IRQHandler
                0x0800edf0                DMA1_Stream7_IRQHandler
                0x0800edf0                SPI5_IRQHandler
                0x0800edf0                TIM7_IRQHandler
                0x0800edf0                SDMMC1_IRQHandler
                0x0800edf0                CAN2_TX_IRQHandler
                0x0800edf0                TIM5_IRQHandler
                0x0800edf0                DMA2_Stream7_IRQHandler
                0x0800edf0                I2C3_EV_IRQHandler
                0x0800edf0                EXTI9_5_IRQHandler
                0x0800edf0                RTC_WKUP_IRQHandler
                0x0800edf0                LTDC_IRQHandler
                0x0800edf0                ETH_WKUP_IRQHandler
                0x0800edf0                SPDIF_RX_IRQHandler
                0x0800edf0                SPI2_IRQHandler
                0x0800edf0                OTG_HS_EP1_IN_IRQHandler
                0x0800edf0                DMA1_Stream0_IRQHandler
                0x0800edf0                CAN1_TX_IRQHandler
                0x0800edf0                EXTI4_IRQHandler
                0x0800edf0                RNG_IRQHandler
                0x0800edf0                OTG_HS_EP1_OUT_IRQHandler
                0x0800edf0                WWDG_IRQHandler
                0x0800edf0                SPI6_IRQHandler
                0x0800edf0                I2C4_EV_IRQHandler
                0x0800edf0                TIM2_IRQHandler
                0x0800edf0                OTG_FS_WKUP_IRQHandler
                0x0800edf0                TIM1_TRG_COM_TIM11_IRQHandler
                0x0800edf0                OTG_HS_IRQHandler
                0x0800edf0                DMA2D_IRQHandler
                0x0800edf0                EXTI1_IRQHandler
                0x0800edf0                UART7_IRQHandler
                0x0800edf0                USART2_IRQHandler
                0x0800edf0                I2C2_ER_IRQHandler
                0x0800edf0                DMA2_Stream1_IRQHandler
                0x0800edf0                CAN1_SCE_IRQHandler
                0x0800edf0                FLASH_IRQHandler
                0x0800edf0                DMA2_Stream4_IRQHandler
                0x0800edf0                USART1_IRQHandler
                0x0800edf0                OTG_FS_IRQHandler
                0x0800edf0                SPI3_IRQHandler
                0x0800edf0                DMA1_Stream4_IRQHandler
                0x0800edf0                I2C1_ER_IRQHandler
                0x0800edf0                FMC_IRQHandler
                0x0800edf0                LPTIM1_IRQHandler
                0x0800edf0                I2C4_ER_IRQHandler
                0x0800edf0                DMA2_Stream6_IRQHandler
                0x0800edf0                SAI1_IRQHandler
                0x0800edf0                DMA1_Stream3_IRQHandler
 *fill*         0x0800edf2        0x2 
 .text.__libc_init_array
                0x0800edf4       0x48 d:/dev/gcc-arm-none-eabi/9_2019_q4-major/bin/../lib/gcc/arm-none-eabi/9.2.1/../../../../arm-none-eabi/lib/thumb/v7e-m+fp/hard\libc_nano.a(lib_a-init.o)
                0x0800edf4                __libc_init_array
 .text.memcmp   0x0800ee3c       0x1c d:/dev/gcc-arm-none-eabi/9_2019_q4-major/bin/../lib/gcc/arm-none-eabi/9.2.1/../../../../arm-none-eabi/lib/thumb/v7e-m+fp/hard\libc_nano.a(lib_a-memcmp.o)
                0x0800ee3c                memcmp
 .text.memcpy   0x0800ee58       0x1c d:/dev/gcc-arm-none-eabi/9_2019_q4-major/bin/../lib/gcc/arm-none-eabi/9.2.1/../../../../arm-none-eabi/lib/thumb/v7e-m+fp/hard\libc_nano.a(lib_a-memcpy-stub.o)
                0x0800ee58                memcpy
 .text.memmove  0x0800ee74       0x34 d:/dev/gcc-arm-none-eabi/9_2019_q4-major/bin/../lib/gcc/arm-none-eabi/9.2.1/../../../../arm-none-eabi/lib/thumb/v7e-m+fp/hard\libc_nano.a(lib_a-memmove.o)
                0x0800ee74                memmove
 .text.memset   0x0800eea8       0x10 d:/dev/gcc-arm-none-eabi/9_2019_q4-major/bin/../lib/gcc/arm-none-eabi/9.2.1/../../../../arm-none-eabi/lib/thumb/v7e-m+fp/hard\libc_nano.a(lib_a-memset.o)
                0x0800eea8                memset
 .text.printf   0x0800eeb8       0x30 d:/dev/gcc-arm-none-eabi/9_2019_q4-major/bin/../lib/gcc/arm-none-eabi/9.2.1/../../../../arm-none-eabi/lib/thumb/v7e-m+fp/hard\libc_nano.a(lib_a-printf.o)
                0x0800eeb8                iprintf
                0x0800eeb8                printf
 .text.rand     0x0800eee8       0x68 d:/dev/gcc-arm-none-eabi/9_2019_q4-major/bin/../lib/gcc/arm-none-eabi/9.2.1/../../../../arm-none-eabi/lib/thumb/v7e-m+fp/hard\libc_nano.a(lib_a-rand.o)
                0x0800eee8                rand
 .text.sprintf  0x0800ef50       0x40 d:/dev/gcc-arm-none-eabi/9_2019_q4-major/bin/../lib/gcc/arm-none-eabi/9.2.1/../../../../arm-none-eabi/lib/thumb/v7e-m+fp/hard\libc_nano.a(lib_a-sprintf.o)
                0x0800ef50                siprintf
                0x0800ef50                sprintf
 .text.strcat   0x0800ef90       0x1e d:/dev/gcc-arm-none-eabi/9_2019_q4-major/bin/../lib/gcc/arm-none-eabi/9.2.1/../../../../arm-none-eabi/lib/thumb/v7e-m+fp/hard\libc_nano.a(lib_a-strcat.o)
                0x0800ef90                strcat
 .text.strcpy   0x0800efae       0x10 d:/dev/gcc-arm-none-eabi/9_2019_q4-major/bin/../lib/gcc/arm-none-eabi/9.2.1/../../../../arm-none-eabi/lib/thumb/v7e-m+fp/hard\libc_nano.a(lib_a-strcpy.o)
                0x0800efae                strcpy
 .text.strncmp  0x0800efbe       0x24 d:/dev/gcc-arm-none-eabi/9_2019_q4-major/bin/../lib/gcc/arm-none-eabi/9.2.1/../../../../arm-none-eabi/lib/thumb/v7e-m+fp/hard\libc_nano.a(lib_a-strncmp.o)
                0x0800efbe                strncmp
 *fill*         0x0800efe2        0x2 
 .text.std      0x0800efe4       0x48 d:/dev/gcc-arm-none-eabi/9_2019_q4-major/bin/../lib/gcc/arm-none-eabi/9.2.1/../../../../arm-none-eabi/lib/thumb/v7e-m+fp/hard\libc_nano.a(lib_a-findfp.o)
 .text._cleanup_r
                0x0800f02c        0xc d:/dev/gcc-arm-none-eabi/9_2019_q4-major/bin/../lib/gcc/arm-none-eabi/9.2.1/../../../../arm-none-eabi/lib/thumb/v7e-m+fp/hard\libc_nano.a(lib_a-findfp.o)
                0x0800f02c                _cleanup_r
 .text.__sfmoreglue
                0x0800f038       0x2c d:/dev/gcc-arm-none-eabi/9_2019_q4-major/bin/../lib/gcc/arm-none-eabi/9.2.1/../../../../arm-none-eabi/lib/thumb/v7e-m+fp/hard\libc_nano.a(lib_a-findfp.o)
                0x0800f038                __sfmoreglue
 .text.__sfp_lock_acquire
                0x0800f064        0xc d:/dev/gcc-arm-none-eabi/9_2019_q4-major/bin/../lib/gcc/arm-none-eabi/9.2.1/../../../../arm-none-eabi/lib/thumb/v7e-m+fp/hard\libc_nano.a(lib_a-findfp.o)
                0x0800f064                __sfp_lock_acquire
 .text.__sfp_lock_release
                0x0800f070        0xc d:/dev/gcc-arm-none-eabi/9_2019_q4-major/bin/../lib/gcc/arm-none-eabi/9.2.1/../../../../arm-none-eabi/lib/thumb/v7e-m+fp/hard\libc_nano.a(lib_a-findfp.o)
                0x0800f070                __sfp_lock_release
 .text.__sinit_lock_acquire
                0x0800f07c        0xc d:/dev/gcc-arm-none-eabi/9_2019_q4-major/bin/../lib/gcc/arm-none-eabi/9.2.1/../../../../arm-none-eabi/lib/thumb/v7e-m+fp/hard\libc_nano.a(lib_a-findfp.o)
                0x0800f07c                __sinit_lock_acquire
 .text.__sinit_lock_release
                0x0800f088        0xc d:/dev/gcc-arm-none-eabi/9_2019_q4-major/bin/../lib/gcc/arm-none-eabi/9.2.1/../../../../arm-none-eabi/lib/thumb/v7e-m+fp/hard\libc_nano.a(lib_a-findfp.o)
                0x0800f088                __sinit_lock_release
 .text.__sinit  0x0800f094       0x70 d:/dev/gcc-arm-none-eabi/9_2019_q4-major/bin/../lib/gcc/arm-none-eabi/9.2.1/../../../../arm-none-eabi/lib/thumb/v7e-m+fp/hard\libc_nano.a(lib_a-findfp.o)
                0x0800f094                __sinit
 .text.__sfp    0x0800f104       0x8c d:/dev/gcc-arm-none-eabi/9_2019_q4-major/bin/../lib/gcc/arm-none-eabi/9.2.1/../../../../arm-none-eabi/lib/thumb/v7e-m+fp/hard\libc_nano.a(lib_a-findfp.o)
                0x0800f104                __sfp
 .text._fwalk_reent
                0x0800f190       0x3e d:/dev/gcc-arm-none-eabi/9_2019_q4-major/bin/../lib/gcc/arm-none-eabi/9.2.1/../../../../arm-none-eabi/lib/thumb/v7e-m+fp/hard\libc_nano.a(lib_a-fwalk.o)
                0x0800f190                _fwalk_reent
 .text.__retarget_lock_init_recursive
                0x0800f1ce        0x2 d:/dev/gcc-arm-none-eabi/9_2019_q4-major/bin/../lib/gcc/arm-none-eabi/9.2.1/../../../../arm-none-eabi/lib/thumb/v7e-m+fp/hard\libc_nano.a(lib_a-lock.o)
                0x0800f1ce                __retarget_lock_init_recursive
 .text.__retarget_lock_acquire_recursive
                0x0800f1d0        0x2 d:/dev/gcc-arm-none-eabi/9_2019_q4-major/bin/../lib/gcc/arm-none-eabi/9.2.1/../../../../arm-none-eabi/lib/thumb/v7e-m+fp/hard\libc_nano.a(lib_a-lock.o)
                0x0800f1d0                __retarget_lock_acquire_recursive
 .text.__retarget_lock_release_recursive
                0x0800f1d2        0x2 d:/dev/gcc-arm-none-eabi/9_2019_q4-major/bin/../lib/gcc/arm-none-eabi/9.2.1/../../../../arm-none-eabi/lib/thumb/v7e-m+fp/hard\libc_nano.a(lib_a-lock.o)
                0x0800f1d2                __retarget_lock_release_recursive
 .text.malloc   0x0800f1d4       0x10 d:/dev/gcc-arm-none-eabi/9_2019_q4-major/bin/../lib/gcc/arm-none-eabi/9.2.1/../../../../arm-none-eabi/lib/thumb/v7e-m+fp/hard\libc_nano.a(lib_a-malloc.o)
                0x0800f1d4                malloc
 .text._free_r  0x0800f1e4       0xa0 d:/dev/gcc-arm-none-eabi/9_2019_q4-major/bin/../lib/gcc/arm-none-eabi/9.2.1/../../../../arm-none-eabi/lib/thumb/v7e-m+fp/hard\libc_nano.a(lib_a-nano-freer.o)
                0x0800f1e4                _free_r
 .text._malloc_r
                0x0800f284       0xb4 d:/dev/gcc-arm-none-eabi/9_2019_q4-major/bin/../lib/gcc/arm-none-eabi/9.2.1/../../../../arm-none-eabi/lib/thumb/v7e-m+fp/hard\libc_nano.a(lib_a-nano-mallocr.o)
                0x0800f284                _malloc_r
 .text.__ssputs_r
                0x0800f338       0xb6 d:/dev/gcc-arm-none-eabi/9_2019_q4-major/bin/../lib/gcc/arm-none-eabi/9.2.1/../../../../arm-none-eabi/lib/thumb/v7e-m+fp/hard\libc_nano.a(lib_a-nano-svfprintf.o)
                0x0800f338                __ssputs_r
 *fill*         0x0800f3ee        0x2 
 .text._svfprintf_r
                0x0800f3f0      0x200 d:/dev/gcc-arm-none-eabi/9_2019_q4-major/bin/../lib/gcc/arm-none-eabi/9.2.1/../../../../arm-none-eabi/lib/thumb/v7e-m+fp/hard\libc_nano.a(lib_a-nano-svfprintf.o)
                0x0800f3f0                _svfiprintf_r
                0x0800f3f0                _svfprintf_r
 .text.__sfputc_r
                0x0800f5f0       0x2e d:/dev/gcc-arm-none-eabi/9_2019_q4-major/bin/../lib/gcc/arm-none-eabi/9.2.1/../../../../arm-none-eabi/lib/thumb/v7e-m+fp/hard\libc_nano.a(lib_a-nano-vfprintf.o)
 .text.__sfputs_r
                0x0800f61e       0x24 d:/dev/gcc-arm-none-eabi/9_2019_q4-major/bin/../lib/gcc/arm-none-eabi/9.2.1/../../../../arm-none-eabi/lib/thumb/v7e-m+fp/hard\libc_nano.a(lib_a-nano-vfprintf.o)
                0x0800f61e                __sfputs_r
 *fill*         0x0800f642        0x2 
 .text._vfprintf_r
                0x0800f644      0x260 d:/dev/gcc-arm-none-eabi/9_2019_q4-major/bin/../lib/gcc/arm-none-eabi/9.2.1/../../../../arm-none-eabi/lib/thumb/v7e-m+fp/hard\libc_nano.a(lib_a-nano-vfprintf.o)
                0x0800f644                _vfprintf_r
                0x0800f644                _vfiprintf_r
 .text._printf_common
                0x0800f8a4       0xda d:/dev/gcc-arm-none-eabi/9_2019_q4-major/bin/../lib/gcc/arm-none-eabi/9.2.1/../../../../arm-none-eabi/lib/thumb/v7e-m+fp/hard\libc_nano.a(lib_a-nano-vfprintf_i.o)
                0x0800f8a4                _printf_common
 *fill*         0x0800f97e        0x2 
 .text._printf_i
                0x0800f980      0x24c d:/dev/gcc-arm-none-eabi/9_2019_q4-major/bin/../lib/gcc/arm-none-eabi/9.2.1/../../../../arm-none-eabi/lib/thumb/v7e-m+fp/hard\libc_nano.a(lib_a-nano-vfprintf_i.o)
                0x0800f980                _printf_i
 .text._sbrk_r  0x0800fbcc       0x20 d:/dev/gcc-arm-none-eabi/9_2019_q4-major/bin/../lib/gcc/arm-none-eabi/9.2.1/../../../../arm-none-eabi/lib/thumb/v7e-m+fp/hard\libc_nano.a(lib_a-sbrkr.o)
                0x0800fbcc                _sbrk_r
 .text.__sread  0x0800fbec       0x22 d:/dev/gcc-arm-none-eabi/9_2019_q4-major/bin/../lib/gcc/arm-none-eabi/9.2.1/../../../../arm-none-eabi/lib/thumb/v7e-m+fp/hard\libc_nano.a(lib_a-stdio.o)
                0x0800fbec                __sread
 .text.__swrite
                0x0800fc0e       0x38 d:/dev/gcc-arm-none-eabi/9_2019_q4-major/bin/../lib/gcc/arm-none-eabi/9.2.1/../../../../arm-none-eabi/lib/thumb/v7e-m+fp/hard\libc_nano.a(lib_a-stdio.o)
                0x0800fc0e                __swrite
 .text.__sseek  0x0800fc46       0x24 d:/dev/gcc-arm-none-eabi/9_2019_q4-major/bin/../lib/gcc/arm-none-eabi/9.2.1/../../../../arm-none-eabi/lib/thumb/v7e-m+fp/hard\libc_nano.a(lib_a-stdio.o)
                0x0800fc46                __sseek
 .text.__sclose
                0x0800fc6a        0x8 d:/dev/gcc-arm-none-eabi/9_2019_q4-major/bin/../lib/gcc/arm-none-eabi/9.2.1/../../../../arm-none-eabi/lib/thumb/v7e-m+fp/hard\libc_nano.a(lib_a-stdio.o)
                0x0800fc6a                __sclose
 *fill*         0x0800fc72        0x2 
 .text.__swbuf_r
                0x0800fc74       0xa4 d:/dev/gcc-arm-none-eabi/9_2019_q4-major/bin/../lib/gcc/arm-none-eabi/9.2.1/../../../../arm-none-eabi/lib/thumb/v7e-m+fp/hard\libc_nano.a(lib_a-wbuf.o)
                0x0800fc74                __swbuf_r
 .text._write_r
                0x0800fd18       0x24 d:/dev/gcc-arm-none-eabi/9_2019_q4-major/bin/../lib/gcc/arm-none-eabi/9.2.1/../../../../arm-none-eabi/lib/thumb/v7e-m+fp/hard\libc_nano.a(lib_a-writer.o)
                0x0800fd18                _write_r
 .text.__swsetup_r
                0x0800fd3c       0xdc d:/dev/gcc-arm-none-eabi/9_2019_q4-major/bin/../lib/gcc/arm-none-eabi/9.2.1/../../../../arm-none-eabi/lib/thumb/v7e-m+fp/hard\libc_nano.a(lib_a-wsetup.o)
                0x0800fd3c                __swsetup_r
 .text._close_r
                0x0800fe18       0x20 d:/dev/gcc-arm-none-eabi/9_2019_q4-major/bin/../lib/gcc/arm-none-eabi/9.2.1/../../../../arm-none-eabi/lib/thumb/v7e-m+fp/hard\libc_nano.a(lib_a-closer.o)
                0x0800fe18                _close_r
 .text.__sflush_r
                0x0800fe38      0x10c d:/dev/gcc-arm-none-eabi/9_2019_q4-major/bin/../lib/gcc/arm-none-eabi/9.2.1/../../../../arm-none-eabi/lib/thumb/v7e-m+fp/hard\libc_nano.a(lib_a-fflush.o)
                0x0800fe38                __sflush_r
 .text._fflush_r
                0x0800ff44       0x78 d:/dev/gcc-arm-none-eabi/9_2019_q4-major/bin/../lib/gcc/arm-none-eabi/9.2.1/../../../../arm-none-eabi/lib/thumb/v7e-m+fp/hard\libc_nano.a(lib_a-fflush.o)
                0x0800ff44                _fflush_r
 .text._lseek_r
                0x0800ffbc       0x24 d:/dev/gcc-arm-none-eabi/9_2019_q4-major/bin/../lib/gcc/arm-none-eabi/9.2.1/../../../../arm-none-eabi/lib/thumb/v7e-m+fp/hard\libc_nano.a(lib_a-lseekr.o)
                0x0800ffbc                _lseek_r
 .text.__swhatbuf_r
                0x0800ffe0       0x48 d:/dev/gcc-arm-none-eabi/9_2019_q4-major/bin/../lib/gcc/arm-none-eabi/9.2.1/../../../../arm-none-eabi/lib/thumb/v7e-m+fp/hard\libc_nano.a(lib_a-makebuf.o)
                0x0800ffe0                __swhatbuf_r
 .text.__smakebuf_r
                0x08010028       0x80 d:/dev/gcc-arm-none-eabi/9_2019_q4-major/bin/../lib/gcc/arm-none-eabi/9.2.1/../../../../arm-none-eabi/lib/thumb/v7e-m+fp/hard\libc_nano.a(lib_a-makebuf.o)
                0x08010028                __smakebuf_r
 .text.__malloc_lock
                0x080100a8        0xc d:/dev/gcc-arm-none-eabi/9_2019_q4-major/bin/../lib/gcc/arm-none-eabi/9.2.1/../../../../arm-none-eabi/lib/thumb/v7e-m+fp/hard\libc_nano.a(lib_a-mlock.o)
                0x080100a8                __malloc_lock
 .text.__malloc_unlock
                0x080100b4        0xc d:/dev/gcc-arm-none-eabi/9_2019_q4-major/bin/../lib/gcc/arm-none-eabi/9.2.1/../../../../arm-none-eabi/lib/thumb/v7e-m+fp/hard\libc_nano.a(lib_a-mlock.o)
                0x080100b4                __malloc_unlock
 .text._realloc_r
                0x080100c0       0x4c d:/dev/gcc-arm-none-eabi/9_2019_q4-major/bin/../lib/gcc/arm-none-eabi/9.2.1/../../../../arm-none-eabi/lib/thumb/v7e-m+fp/hard\libc_nano.a(lib_a-nano-reallocr.o)
                0x080100c0                _realloc_r
 .text._read_r  0x0801010c       0x24 d:/dev/gcc-arm-none-eabi/9_2019_q4-major/bin/../lib/gcc/arm-none-eabi/9.2.1/../../../../arm-none-eabi/lib/thumb/v7e-m+fp/hard\libc_nano.a(lib_a-readr.o)
                0x0801010c                _read_r
 .text._fstat_r
                0x08010130       0x24 d:/dev/gcc-arm-none-eabi/9_2019_q4-major/bin/../lib/gcc/arm-none-eabi/9.2.1/../../../../arm-none-eabi/lib/thumb/v7e-m+fp/hard\libc_nano.a(lib_a-fstatr.o)
                0x08010130                _fstat_r
 .text._isatty_r
                0x08010154       0x20 d:/dev/gcc-arm-none-eabi/9_2019_q4-major/bin/../lib/gcc/arm-none-eabi/9.2.1/../../../../arm-none-eabi/lib/thumb/v7e-m+fp/hard\libc_nano.a(lib_a-isattyr.o)
                0x08010154                _isatty_r
 .text._malloc_usable_size_r
                0x08010174       0x10 d:/dev/gcc-arm-none-eabi/9_2019_q4-major/bin/../lib/gcc/arm-none-eabi/9.2.1/../../../../arm-none-eabi/lib/thumb/v7e-m+fp/hard\libc_nano.a(lib_a-nano-msizer.o)
                0x08010174                _malloc_usable_size_r
 .text._close   0x08010184       0x10 d:/dev/gcc-arm-none-eabi/9_2019_q4-major/bin/../lib/gcc/arm-none-eabi/9.2.1/../../../../arm-none-eabi/lib/thumb/v7e-m+fp/hard\libnosys.a(close.o)
                0x08010184                _close
 .text._fstat   0x08010194       0x10 d:/dev/gcc-arm-none-eabi/9_2019_q4-major/bin/../lib/gcc/arm-none-eabi/9.2.1/../../../../arm-none-eabi/lib/thumb/v7e-m+fp/hard\libnosys.a(fstat.o)
                0x08010194                _fstat
 .text._isatty  0x080101a4       0x10 d:/dev/gcc-arm-none-eabi/9_2019_q4-major/bin/../lib/gcc/arm-none-eabi/9.2.1/../../../../arm-none-eabi/lib/thumb/v7e-m+fp/hard\libnosys.a(isatty.o)
                0x080101a4                _isatty
 .text._lseek   0x080101b4       0x10 d:/dev/gcc-arm-none-eabi/9_2019_q4-major/bin/../lib/gcc/arm-none-eabi/9.2.1/../../../../arm-none-eabi/lib/thumb/v7e-m+fp/hard\libnosys.a(lseek.o)
                0x080101b4                _lseek
 .text._read    0x080101c4       0x10 d:/dev/gcc-arm-none-eabi/9_2019_q4-major/bin/../lib/gcc/arm-none-eabi/9.2.1/../../../../arm-none-eabi/lib/thumb/v7e-m+fp/hard\libnosys.a(read.o)
                0x080101c4                _read
 .text._sbrk    0x080101d4       0x1c d:/dev/gcc-arm-none-eabi/9_2019_q4-major/bin/../lib/gcc/arm-none-eabi/9.2.1/../../../../arm-none-eabi/lib/thumb/v7e-m+fp/hard\libnosys.a(sbrk.o)
                0x080101d4                _sbrk
 .text._write   0x080101f0       0x10 d:/dev/gcc-arm-none-eabi/9_2019_q4-major/bin/../lib/gcc/arm-none-eabi/9.2.1/../../../../arm-none-eabi/lib/thumb/v7e-m+fp/hard\libnosys.a(write.o)
                0x080101f0                _write
 *(.glue_7)
 .glue_7        0x08010200        0x0 linker stubs
 *(.glue_7t)
 .glue_7t       0x08010200        0x0 linker stubs
 *(.eh_frame)
 .eh_frame      0x08010200        0x0 d:/dev/gcc-arm-none-eabi/9_2019_q4-major/bin/../lib/gcc/arm-none-eabi/9.2.1/thumb/v7e-m+fp/hard/crtbegin.o
 *(.init)
 .init          0x08010200        0x4 d:/dev/gcc-arm-none-eabi/9_2019_q4-major/bin/../lib/gcc/arm-none-eabi/9.2.1/thumb/v7e-m+fp/hard/crti.o
                0x08010200                _init
 .init          0x08010204        0x8 d:/dev/gcc-arm-none-eabi/9_2019_q4-major/bin/../lib/gcc/arm-none-eabi/9.2.1/thumb/v7e-m+fp/hard/crtn.o
 *(.fini)
 .fini          0x0801020c        0x4 d:/dev/gcc-arm-none-eabi/9_2019_q4-major/bin/../lib/gcc/arm-none-eabi/9.2.1/thumb/v7e-m+fp/hard/crti.o
                0x0801020c                _fini
 .fini          0x08010210        0x8 d:/dev/gcc-arm-none-eabi/9_2019_q4-major/bin/../lib/gcc/arm-none-eabi/9.2.1/thumb/v7e-m+fp/hard/crtn.o
                0x08010218                . = ALIGN (0x4)
                0x08010218                _etext = .

.vfp11_veneer   0x08010218        0x0
 .vfp11_veneer  0x08010218        0x0 linker stubs

.v4_bx          0x08010218        0x0
 .v4_bx         0x08010218        0x0 linker stubs

.iplt           0x08010218        0x0
 .iplt          0x08010218        0x0 d:/dev/gcc-arm-none-eabi/9_2019_q4-major/bin/../lib/gcc/arm-none-eabi/9.2.1/thumb/v7e-m+fp/hard/crtbegin.o

.rodata         0x08010218     0xc508
                0x08010218                . = ALIGN (0x4)
 *(.rodata)
 .rodata        0x08010218       0x28 build/main.o
 .rodata        0x08010240       0x1c build/ethernetif.o
 *(.rodata*)
 .rodata.str1.4
                0x0801025c        0xd build/main.o
 *fill*         0x08010269        0x3 
 .rodata.http_server_netconn_init.str1.4
                0x0801026c        0x5 build/httpserver-netconn.o
 *fill*         0x08010271        0x3 
 .rodata.DynWebPage.str1.4
                0x08010274       0xe3 build/httpserver-netconn.o
 *fill*         0x08010357        0x1 
 .rodata.http_server_serve.str1.4
                0x08010358       0xa6 build/httpserver-netconn.o
                                0x106 (size before relaxing)
 *fill*         0x080103fe        0x2 
 .rodata.PAGE_START
                0x08010400      0x63c build/httpserver-netconn.o
 .rodata.str1.4
                0x08010a3c        0x6 build/ethernetif.o
 *fill*         0x08010a42        0x2 
 .rodata.ethernetif_init.str1.4
                0x08010a44       0x50 build/ethernetif.o
 .rodata.GPIO_PIN
                0x08010a94        0x6 build/stm32f7xx_nucleo_144.o
                0x08010a94                GPIO_PIN
 *fill*         0x08010a9a        0x2 
 .rodata.AHBPrescTable
                0x08010a9c       0x10 build/system_stm32f7xx.o
                0x08010a9c                AHBPrescTable
 .rodata.APBPrescTable
                0x08010aac        0x8 build/system_stm32f7xx.o
                0x08010aac                APBPrescTable
 .rodata.ethernet_output.str1.4
                0x08010ab4       0x65 build/ethernet.o
                                 0x90 (size before relaxing)
 *fill*         0x08010b19        0x3 
 .rodata.ethbroadcast
                0x08010b1c        0x6 build/ethernet.o
                0x08010b1c                ethbroadcast
 *fill*         0x08010b22        0x2 
 .rodata.ethzero
                0x08010b24        0x6 build/ethernet.o
                0x08010b24                ethzero
 *fill*         0x08010b2a        0x2 
 .rodata.netconn_tcp_recvd_msg.str1.4
                0x08010b2c       0x54 build/api_lib.o
                                 0x7c (size before relaxing)
 .rodata.netconn_close_shutdown.str1.4
                0x08010b80       0x1c build/api_lib.o
 .rodata.netconn_new_with_proto_and_callback.str1.4
                0x08010b9c       0x79 build/api_lib.o
 *fill*         0x08010c15        0x3 
 .rodata.netconn_bind.str1.4
                0x08010c18       0x1b build/api_lib.o
 *fill*         0x08010c33        0x1 
 .rodata.netconn_listen_with_backlog.str1.4
                0x08010c34       0x1d build/api_lib.o
 *fill*         0x08010c51        0x3 
 .rodata.netconn_write_vectors_partly.str1.4
                0x08010c54       0x63 build/api_lib.o
 *fill*         0x08010cb7        0x1 
 .rodata.netconn_accept.str1.4
                0x08010cb8       0x3d build/api_lib.o
 *fill*         0x08010cf5        0x3 
 .rodata.netconn_recv_data.str1.4
                0x08010cf8       0x48 build/api_lib.o
 .rodata.netconn_recv.str1.4
                0x08010d40       0x48 build/api_lib.o
                                  0xa (size before relaxing)
 .rodata.lwip_netconn_err_to_msg.str1.4
                0x08010d40       0x40 build/api_msg.o
                                 0x68 (size before relaxing)
 .rodata.recv_udp.str1.4
                0x08010d80       0x62 build/api_msg.o
 *fill*         0x08010de2        0x2 
 .rodata.pcb_new.str1.4
                0x08010de4       0x1f build/api_msg.o
 *fill*         0x08010e03        0x1 
 .rodata.err_tcp.str1.4
                0x08010e04       0x62 build/api_msg.o
 *fill*         0x08010e66        0x2 
 .rodata.lwip_netconn_do_writemore.str1.4
                0x08010e68       0xcb build/api_msg.o
 *fill*         0x08010f33        0x1 
 .rodata.lwip_netconn_do_close_internal.str1.4
                0x08010f34       0x7b build/api_msg.o
                                 0x8b (size before relaxing)
 *fill*         0x08010faf        0x1 
 .rodata.recv_tcp.str1.4
                0x08010fb0       0x7a build/api_msg.o
 *fill*         0x0801102a        0x2 
 .rodata.lwip_netconn_is_err_msg.str1.4
                0x0801102c        0xc build/api_msg.o
 .rodata.netconn_alloc.str1.4
                0x08011038       0x26 build/api_msg.o
 *fill*         0x0801105e        0x2 
 .rodata.netconn_free.str1.4
                0x08011060       0xa8 build/api_msg.o
 .rodata.accept_function.str1.4
                0x08011108       0x27 build/api_msg.o
 *fill*         0x0801112f        0x1 
 .rodata.lwip_netconn_do_delconn.str1.4
                0x08011130       0x57 build/api_msg.o
 *fill*         0x08011187        0x1 
 .rodata.lwip_netconn_do_write.str1.4
                0x08011188       0x14 build/api_msg.o
 .rodata.netconn_aborted
                0x0801119c        0x1 build/api_msg.o
                0x0801119c                netconn_aborted
 .rodata.netconn_closed
                0x0801119d        0x1 build/api_msg.o
                0x0801119d                netconn_closed
 .rodata.netconn_reset
                0x0801119e        0x1 build/api_msg.o
                0x0801119e                netconn_reset
 *fill*         0x0801119f        0x1 
 .rodata.netbuf_alloc.str1.4
                0x080111a0       0x70 build/netbuf.o
                                 0x98 (size before relaxing)
 .rodata.netbuf_data.str1.4
                0x08011210       0x55 build/netbuf.o
 *fill*         0x08011265        0x3 
 .rodata.tcpip_thread_handle_msg.str1.4
                0x08011268       0x4e build/tcpip.o
                                 0x78 (size before relaxing)
 *fill*         0x080112b6        0x2 
 .rodata.tcpip_inpkt.str1.4
                0x080112b8        0xd build/tcpip.o
 *fill*         0x080112c5        0x3 
 .rodata.tcpip_init.str1.4